[2026-05-02 01:03:14 | INFO | Kairos] DBManager 초기화 (127.0.0.1:5433/kairos)
[2026-05-02 01:03:14 | INFO | Kairos] DB 연결 성공
[2026-05-02 01:03:24 | INFO | Kairos] DBManager 초기화 (127.0.0.1:5433/kairos)
[2026-05-02 01:03:24 | INFO | Kairos] DB 연결 성공
[2026-05-02 01:12:04 | INFO | Kairos] LGBMModel 초기화 (scalping_1m_lgbm_v6_directional_tp35_sl20_h60_tp)
[2026-05-02 01:12:04 | INFO | Kairos] 모델 학습 시작: scalping_1m_lgbm_v6_directional_tp35_sl20_h60_tp | Samples=583002
[2026-05-02 01:12:04 | INFO | Kairos] 검증 세트 포함: Val Samples=64778
[2026-05-02 01:12:25 | INFO | Kairos] 모델 저장 완료: C:\dev\kairos_1m\common\models\scalping_1m_lgbm_v6_directional_tp35_sl20_h60_tp.pkl
[2026-05-02 01:12:25 | INFO | Kairos] LGBMModel 초기화 (scalping_1m_lgbm_v6_directional_tp35_sl20_h60_sl)
[2026-05-02 01:12:25 | INFO | Kairos] 모델 학습 시작: scalping_1m_lgbm_v6_directional_tp35_sl20_h60_sl | Samples=583002
[2026-05-02 01:12:25 | INFO | Kairos] 검증 세트 포함: Val Samples=64778
[2026-05-02 01:12:52 | INFO | Kairos] 모델 저장 완료: C:\dev\kairos_1m\common\models\scalping_1m_lgbm_v6_directional_tp35_sl20_h60_sl.pkl
[2026-05-02 01:12:53 | INFO | Kairos] LGBMModel 초기화 (scalping_1m_lgbm_v6_directional_tp35_sl20_h60_timeout)
[2026-05-02 01:12:53 | INFO | Kairos] 모델 학습 시작: scalping_1m_lgbm_v6_directional_tp35_sl20_h60_timeout | Samples=583002
[2026-05-02 01:12:53 | INFO | Kairos] 검증 세트 포함: Val Samples=64778
[2026-05-02 01:13:38 | INFO | Kairos] 모델 저장 완료: C:\dev\kairos_1m\common\models\scalping_1m_lgbm_v6_directional_tp35_sl20_h60_timeout.pkl
[2026-05-02 01:13:51 | INFO | Kairos] LGBMModel 초기화 (scalping_1m_lgbm_v6_directional_tp35_sl20_h60_tp)
[2026-05-02 01:13:51 | INFO | Kairos] LGBMModel 초기화 (scalping_1m_lgbm_v6_directional_tp35_sl20_h60_sl)
[2026-05-02 01:13:51 | INFO | Kairos] LGBMModel 초기화 (scalping_1m_lgbm_v6_directional_tp35_sl20_h60_timeout)
[2026-05-02 01:13:51 | INFO | Kairos] 모델 로드 완료: C:\dev\kairos_1m\common\models\scalping_1m_lgbm_v6_directional_tp35_sl20_h60_tp.pkl
[2026-05-02 01:13:51 | INFO | Kairos] 모델 로드 완료: C:\dev\kairos_1m\common\models\scalping_1m_lgbm_v6_directional_tp35_sl20_h60_sl.pkl
[2026-05-02 01:13:51 | INFO | Kairos] 모델 로드 완료: C:\dev\kairos_1m\common\models\scalping_1m_lgbm_v6_directional_tp35_sl20_h60_timeout.pkl
[2026-05-02 01:13:51 | INFO | Kairos] DBManager 초기화 (127.0.0.1:5433/kairos)
[2026-05-02 01:13:52 | INFO | Kairos] DB 연결 성공
[2026-05-02 02:34:26 | INFO | Kairos] DBManager 초기화 (127.0.0.1:5433/kairos)
[2026-05-02 02:34:26 | INFO | Kairos] DB 연결 성공
[2026-05-02 02:43:28 | INFO | Kairos] LGBMModel 초기화 (scalping_1m_lgbm_v7_support_breakout_tp35_sl20_h60_tp)
[2026-05-02 02:43:28 | INFO | Kairos] 모델 학습 시작: scalping_1m_lgbm_v7_support_breakout_tp35_sl20_h60_tp | Samples=583002
[2026-05-02 02:43:28 | INFO | Kairos] 검증 세트 포함: Val Samples=64778
[2026-05-02 02:43:50 | INFO | Kairos] 모델 저장 완료: C:\dev\kairos_1m\common\models\scalping_1m_lgbm_v7_support_breakout_tp35_sl20_h60_tp.pkl
[2026-05-02 02:43:50 | INFO | Kairos] LGBMModel 초기화 (scalping_1m_lgbm_v7_support_breakout_tp35_sl20_h60_sl)
[2026-05-02 02:43:50 | INFO | Kairos] 모델 학습 시작: scalping_1m_lgbm_v7_support_breakout_tp35_sl20_h60_sl | Samples=583002
[2026-05-02 02:43:50 | INFO | Kairos] 검증 세트 포함: Val Samples=64778
[2026-05-02 02:44:17 | INFO | Kairos] 모델 저장 완료: C:\dev\kairos_1m\common\models\scalping_1m_lgbm_v7_support_breakout_tp35_sl20_h60_sl.pkl
[2026-05-02 02:44:17 | INFO | Kairos] LGBMModel 초기화 (scalping_1m_lgbm_v7_support_breakout_tp35_sl20_h60_timeout)
[2026-05-02 02:44:17 | INFO | Kairos] 모델 학습 시작: scalping_1m_lgbm_v7_support_breakout_tp35_sl20_h60_timeout | Samples=583002
[2026-05-02 02:44:17 | INFO | Kairos] 검증 세트 포함: Val Samples=64778
[2026-05-02 02:45:04 | INFO | Kairos] 모델 저장 완료: C:\dev\kairos_1m\common\models\scalping_1m_lgbm_v7_support_breakout_tp35_sl20_h60_timeout.pkl
[2026-05-02 02:45:14 | INFO | Kairos] LGBMModel 초기화 (scalping_1m_lgbm_v7_support_breakout_tp35_sl20_h60_tp)
[2026-05-02 02:45:14 | INFO | Kairos] LGBMModel 초기화 (scalping_1m_lgbm_v7_support_breakout_tp35_sl20_h60_sl)
[2026-05-02 02:45:14 | INFO | Kairos] LGBMModel 초기화 (scalping_1m_lgbm_v7_support_breakout_tp35_sl20_h60_timeout)
[2026-05-02 02:45:14 | INFO | Kairos] 모델 로드 완료: C:\dev\kairos_1m\common\models\scalping_1m_lgbm_v7_support_breakout_tp35_sl20_h60_tp.pkl
[2026-05-02 02:45:14 | INFO | Kairos] 모델 로드 완료: C:\dev\kairos_1m\common\models\scalping_1m_lgbm_v7_support_breakout_tp35_sl20_h60_sl.pkl
[2026-05-02 02:45:14 | INFO | Kairos] 모델 로드 완료: C:\dev\kairos_1m\common\models\scalping_1m_lgbm_v7_support_breakout_tp35_sl20_h60_timeout.pkl
[2026-05-02 02:45:14 | INFO | Kairos] DBManager 초기화 (127.0.0.1:5433/kairos)
[2026-05-02 02:45:14 | INFO | Kairos] DB 연결 성공
[2026-05-02 04:03:08 | INFO | Kairos] DBManager 초기화 (127.0.0.1:5433/kairos)
[2026-05-02 04:03:08 | INFO | Kairos] DB 연결 성공
[2026-05-02 04:14:28 | INFO | Kairos] LGBMModel 초기화 (scalping_1m_lgbm_v8_wedge_support_breakout_tp35_sl20_h60_tp)
[2026-05-02 04:14:28 | INFO | Kairos] 모델 학습 시작: scalping_1m_lgbm_v8_wedge_support_breakout_tp35_sl20_h60_tp | Samples=583002
[2026-05-02 04:14:28 | INFO | Kairos] 검증 세트 포함: Val Samples=64778
[2026-05-02 04:14:51 | INFO | Kairos] 모델 저장 완료: C:\dev\kairos_1m\common\models\scalping_1m_lgbm_v8_wedge_support_breakout_tp35_sl20_h60_tp.pkl
[2026-05-02 04:14:51 | INFO | Kairos] LGBMModel 초기화 (scalping_1m_lgbm_v8_wedge_support_breakout_tp35_sl20_h60_sl)
[2026-05-02 04:14:51 | INFO | Kairos] 모델 학습 시작: scalping_1m_lgbm_v8_wedge_support_breakout_tp35_sl20_h60_sl | Samples=583002
[2026-05-02 04:14:51 | INFO | Kairos] 검증 세트 포함: Val Samples=64778
[2026-05-02 04:15:20 | INFO | Kairos] 모델 저장 완료: C:\dev\kairos_1m\common\models\scalping_1m_lgbm_v8_wedge_support_breakout_tp35_sl20_h60_sl.pkl
[2026-05-02 04:15:20 | INFO | Kairos] LGBMModel 초기화 (scalping_1m_lgbm_v8_wedge_support_breakout_tp35_sl20_h60_timeout)
[2026-05-02 04:15:20 | INFO | Kairos] 모델 학습 시작: scalping_1m_lgbm_v8_wedge_support_breakout_tp35_sl20_h60_timeout | Samples=583002
[2026-05-02 04:15:20 | INFO | Kairos] 검증 세트 포함: Val Samples=64778
[2026-05-02 04:16:22 | INFO | Kairos] 모델 저장 완료: C:\dev\kairos_1m\common\models\scalping_1m_lgbm_v8_wedge_support_breakout_tp35_sl20_h60_timeout.pkl
[2026-05-02 04:16:34 | INFO | Kairos] LGBMModel 초기화 (scalping_1m_lgbm_v8_wedge_support_breakout_tp35_sl20_h60_tp)
[2026-05-02 04:16:34 | INFO | Kairos] LGBMModel 초기화 (scalping_1m_lgbm_v8_wedge_support_breakout_tp35_sl20_h60_sl)
[2026-05-02 04:16:34 | INFO | Kairos] LGBMModel 초기화 (scalping_1m_lgbm_v8_wedge_support_breakout_tp35_sl20_h60_timeout)
[2026-05-02 04:16:34 | INFO | Kairos] 모델 로드 완료: C:\dev\kairos_1m\common\models\scalping_1m_lgbm_v8_wedge_support_breakout_tp35_sl20_h60_tp.pkl
[2026-05-02 04:16:34 | INFO | Kairos] 모델 로드 완료: C:\dev\kairos_1m\common\models\scalping_1m_lgbm_v8_wedge_support_breakout_tp35_sl20_h60_sl.pkl
[2026-05-02 04:16:34 | INFO | Kairos] 모델 로드 완료: C:\dev\kairos_1m\common\models\scalping_1m_lgbm_v8_wedge_support_breakout_tp35_sl20_h60_timeout.pkl
[2026-05-02 04:16:34 | INFO | Kairos] DBManager 초기화 (127.0.0.1:5433/kairos)
[2026-05-02 04:16:34 | INFO | Kairos] DB 연결 성공
[2026-05-02 06:07:29 | INFO | Kairos] DBManager 초기화 (127.0.0.1:5433/kairos)
[2026-05-02 06:07:29 | INFO | Kairos] DB 연결 성공
[2026-05-02 06:09:15 | INFO | Kairos] DBManager 초기화 (127.0.0.1:5433/kairos)
[2026-05-02 06:09:15 | INFO | Kairos] DB 연결 성공
[2026-05-02 06:09:28 | INFO | Kairos] LGBMModel 초기화 (scalping_1m_lgbm_v3_h120_tp)
[2026-05-02 06:09:28 | INFO | Kairos] LGBMModel 초기화 (scalping_1m_lgbm_v3_h120_sl)
[2026-05-02 06:09:28 | INFO | Kairos] LGBMModel 초기화 (scalping_1m_lgbm_v3_h120_timeout)
[2026-05-02 06:09:28 | INFO | Kairos] 모델 로드 완료: C:\dev\kairos_1m\common\models\scalping_1m_lgbm_v3_h120_tp.pkl
[2026-05-02 06:09:28 | INFO | Kairos] 모델 로드 완료: C:\dev\kairos_1m\common\models\scalping_1m_lgbm_v3_h120_sl.pkl
[2026-05-02 06:09:28 | INFO | Kairos] 모델 로드 완료: C:\dev\kairos_1m\common\models\scalping_1m_lgbm_v3_h120_timeout.pkl
[2026-05-02 06:09:28 | INFO | Kairos] DBManager 초기화 (127.0.0.1:5433/kairos)
[2026-05-02 06:09:28 | INFO | Kairos] DB 연결 성공
[2026-05-02 06:29:37 | INFO | Kairos] DBManager 초기화 (127.0.0.1:5433/kairos)
[2026-05-02 06:29:37 | INFO | Kairos] DB 연결 성공
[2026-05-02 06:30:02 | INFO | Kairos] DBManager 초기화 (127.0.0.1:5433/kairos)
[2026-05-02 06:30:02 | INFO | Kairos] DB 연결 성공
[2026-05-02 06:45:11 | INFO | Kairos] 바이낸스 내부 웹소켓 큐 크기 패치 적용 완료 (10,000)
[2026-05-02 06:45:12 | INFO | Kairos] Binance 서버 시간 오프셋 동기화 완료 (2093ms)
[2026-05-02 06:45:12 | INFO | Kairos] Binance REST Client 초기화 완료
[2026-05-02 06:45:12 | INFO | Kairos] DBManager 초기화 (127.0.0.1:5433/kairos)
[2026-05-02 06:45:12 | INFO | Kairos] DB 연결 성공
[2026-05-02 06:45:12 | INFO | Kairos] 선물 USDT 종목 중 수익률 상위 15개 추출 완료 (최소 거래대금: $1.0M)
[2026-05-02 06:45:12 | INFO | Kairos] 상위 15개 종목: BUSDT, UBUSDT, NFPUSDT, TAGUSDT, ZEREBROUSDT, ONUSDT, CHILLGUYUSDT, TAKEUSDT, LABUSDT, ORCAUSDT, IRYSUSDT, AXLUSDT, BASUSDT, LUMIAUSDT, B2USDT
[2026-05-02 06:45:12 | INFO | Kairos] 바이낸스 선물 시장 웹소켓 연결 시작 (symbols=16개, intervals=1개, streams=16개, chunks=1개, raw=True)
[2026-05-02 06:45:12 | INFO | Kairos] 바이낸스 선물 시장 웹소켓 chunk 연결 시작 (1/1, streams=16, sample=busdt@kline_1m, ubusdt@kline_1m, nfpusdt@kline_1m, tagusdt@kline_1m, zerebrousdt@kline_1m..., raw=True)
[2026-05-02 06:45:13 | INFO | Kairos] 바이낸스 선물 시장 웹소켓 첫 메시지 수신 (raw=True, 1/1, stream=b2usdt@kline_1m)
[2026-05-02 06:47:55 | INFO | Kairos] DBManager 초기화 (127.0.0.1:5433/kairos)
[2026-05-02 06:47:55 | INFO | Kairos] DB 연결 성공
[2026-05-02 06:47:55 | INFO | Kairos] DBManager 초기화 (127.0.0.1:5433/kairos)
[2026-05-02 06:47:55 | INFO | Kairos] DB 연결 성공
[2026-05-02 06:47:55 | INFO | Kairos] DBManager 초기화 (127.0.0.1:5433/kairos)
[2026-05-02 06:47:55 | INFO | Kairos] DB 연결 성공
[2026-05-02 07:07:19 | INFO | Kairos] DBManager 초기화 (127.0.0.1:5433/kairos)
[2026-05-02 07:07:19 | INFO | Kairos] 시장 데이터 테이블 초기화 완료
[2026-05-02 07:07:36 | INFO | Kairos] 바이낸스 내부 웹소켓 큐 크기 패치 적용 완료 (10,000)
[2026-05-02 07:10:00 | INFO | Kairos] 선물 USDT 종목 중 수익률 상위 15개 추출 완료 (최소 거래대금: $1.0M)
[2026-05-02 07:10:00 | INFO | Kairos] 상위 15개 종목: BUSDT, UBUSDT, NFPUSDT, TAGUSDT, ZEREBROUSDT, LABUSDT, ONUSDT, CHILLGUYUSDT, TAKEUSDT, ORCAUSDT, IRYSUSDT, BASUSDT, AXLUSDT, CTSIUSDT, PENDLEUSDT
[2026-05-02 07:11:05 | WARNING | Kairos] 시장 웹소켓 강제 재시작 요청: 심볼 갱신 반영
[2026-05-02 07:11:05 | INFO | Kairos] 바이낸스 선물 시장 웹소켓 연결 시작 (symbols=16개, intervals=1개, streams=16개, chunks=1개, raw=True)
[2026-05-02 07:11:05 | INFO | Kairos] 바이낸스 선물 시장 웹소켓 chunk 연결 시작 (1/1, streams=16, sample=busdt@kline_1m, ubusdt@kline_1m, nfpusdt@kline_1m, tagusdt@kline_1m, zerebrousdt@kline_1m..., raw=True)
[2026-05-02 07:11:05 | INFO | Kairos] 바이낸스 선물 시장 웹소켓 첫 메시지 수신 (raw=True, 1/1, stream=tagusdt@kline_1m)
[2026-05-02 08:10:00 | INFO | Kairos] 선물 USDT 종목 중 수익률 상위 15개 추출 완료 (최소 거래대금: $1.0M)
[2026-05-02 08:10:00 | INFO | Kairos] 상위 15개 종목: BUSDT, UBUSDT, LABUSDT, NFPUSDT, ZEREBROUSDT, TAGUSDT, ONUSDT, CHILLGUYUSDT, IRYSUSDT, TAKEUSDT, LUMIAUSDT, PENDLEUSDT, AXLUSDT, CTSIUSDT, B2USDT
[2026-05-02 08:11:05 | WARNING | Kairos] 시장 웹소켓 강제 재시작 요청: 심볼 갱신 반영
[2026-05-02 08:11:05 | INFO | Kairos] 바이낸스 선물 시장 웹소켓 연결 시작 (symbols=16개, intervals=1개, streams=16개, chunks=1개, raw=True)
[2026-05-02 08:11:05 | INFO | Kairos] 바이낸스 선물 시장 웹소켓 chunk 연결 시작 (1/1, streams=16, sample=busdt@kline_1m, ubusdt@kline_1m, labusdt@kline_1m, nfpusdt@kline_1m, zerebrousdt@kline_1m..., raw=True)
[2026-05-02 08:11:05 | INFO | Kairos] 바이낸스 선물 시장 웹소켓 첫 메시지 수신 (raw=True, 1/1, stream=btcusdt@kline_1m)
[2026-05-02 09:10:00 | INFO | Kairos] 선물 USDT 종목 중 수익률 상위 15개 추출 완료 (최소 거래대금: $1.0M)
[2026-05-02 09:10:00 | INFO | Kairos] 상위 15개 종목: BUSDT, UBUSDT, LABUSDT, NFPUSDT, TAGUSDT, ONUSDT, CHILLGUYUSDT, ZEREBROUSDT, LUMIAUSDT, IRYSUSDT, BLESSUSDT, TAKEUSDT, FIGHTUSDT, CHRUSDT, BABYUSDT
[2026-05-02 09:11:05 | WARNING | Kairos] 시장 웹소켓 강제 재시작 요청: 심볼 갱신 반영
[2026-05-02 09:11:05 | INFO | Kairos] 바이낸스 선물 시장 웹소켓 연결 시작 (symbols=16개, intervals=1개, streams=16개, chunks=1개, raw=True)
[2026-05-02 09:11:05 | INFO | Kairos] 바이낸스 선물 시장 웹소켓 chunk 연결 시작 (1/1, streams=16, sample=busdt@kline_1m, ubusdt@kline_1m, labusdt@kline_1m, nfpusdt@kline_1m, tagusdt@kline_1m..., raw=True)
[2026-05-02 09:11:05 | INFO | Kairos] 바이낸스 선물 시장 웹소켓 첫 메시지 수신 (raw=True, 1/1, stream=zerebrousdt@kline_1m)
[2026-05-02 10:10:00 | INFO | Kairos] 선물 USDT 종목 중 수익률 상위 15개 추출 완료 (최소 거래대금: $1.0M)
[2026-05-02 10:10:00 | INFO | Kairos] 상위 15개 종목: BUSDT, LABUSDT, UBUSDT, NFPUSDT, ONUSDT, CHILLGUYUSDT, LUMIAUSDT, TAGUSDT, BABYUSDT, IRYSUSDT, BLESSUSDT, FIGHTUSDT, TAKEUSDT, ZEREBROUSDT, SAPIENUSDT
[2026-05-02 10:11:05 | WARNING | Kairos] 시장 웹소켓 강제 재시작 요청: 심볼 갱신 반영
[2026-05-02 10:11:05 | INFO | Kairos] 바이낸스 선물 시장 웹소켓 연결 시작 (symbols=16개, intervals=1개, streams=16개, chunks=1개, raw=True)
[2026-05-02 10:11:05 | INFO | Kairos] 바이낸스 선물 시장 웹소켓 chunk 연결 시작 (1/1, streams=16, sample=busdt@kline_1m, labusdt@kline_1m, ubusdt@kline_1m, nfpusdt@kline_1m, onusdt@kline_1m..., raw=True)
[2026-05-02 10:11:05 | INFO | Kairos] 바이낸스 선물 시장 웹소켓 첫 메시지 수신 (raw=True, 1/1, stream=sapienusdt@kline_1m)
[2026-05-02 11:10:00 | INFO | Kairos] 선물 USDT 종목 중 수익률 상위 15개 추출 완료 (최소 거래대금: $1.0M)
[2026-05-02 11:10:00 | INFO | Kairos] 상위 15개 종목: BUSDT, UBUSDT, LABUSDT, NFPUSDT, ONUSDT, TAGUSDT, CHRUSDT, BLESSUSDT, IRYSUSDT, CHILLGUYUSDT, TAKEUSDT, BASUSDT, BABYUSDT, LUMIAUSDT, B2USDT
[2026-05-02 11:11:05 | WARNING | Kairos] 시장 웹소켓 강제 재시작 요청: 심볼 갱신 반영
[2026-05-02 11:11:05 | INFO | Kairos] 바이낸스 선물 시장 웹소켓 연결 시작 (symbols=16개, intervals=1개, streams=16개, chunks=1개, raw=True)
[2026-05-02 11:11:05 | INFO | Kairos] 바이낸스 선물 시장 웹소켓 chunk 연결 시작 (1/1, streams=16, sample=busdt@kline_1m, ubusdt@kline_1m, labusdt@kline_1m, nfpusdt@kline_1m, onusdt@kline_1m..., raw=True)
[2026-05-02 11:11:05 | INFO | Kairos] 바이낸스 선물 시장 웹소켓 첫 메시지 수신 (raw=True, 1/1, stream=ubusdt@kline_1m)
[2026-05-02 12:10:00 | INFO | Kairos] 선물 USDT 종목 중 수익률 상위 15개 추출 완료 (최소 거래대금: $1.0M)
[2026-05-02 12:10:00 | INFO | Kairos] 상위 15개 종목: BUSDT, LABUSDT, UBUSDT, ONUSDT, NFPUSDT, IRYSUSDT, TAGUSDT, CHRUSDT, B2USDT, TAKEUSDT, BLESSUSDT, CHILLGUYUSDT, BABYUSDT, JCTUSDT, SAPIENUSDT
[2026-05-02 12:11:05 | WARNING | Kairos] 시장 웹소켓 강제 재시작 요청: 심볼 갱신 반영
[2026-05-02 12:11:05 | INFO | Kairos] 바이낸스 선물 시장 웹소켓 연결 시작 (symbols=16개, intervals=1개, streams=16개, chunks=1개, raw=True)
[2026-05-02 12:11:05 | INFO | Kairos] 바이낸스 선물 시장 웹소켓 chunk 연결 시작 (1/1, streams=16, sample=busdt@kline_1m, labusdt@kline_1m, ubusdt@kline_1m, onusdt@kline_1m, nfpusdt@kline_1m..., raw=True)
[2026-05-02 12:11:05 | INFO | Kairos] 바이낸스 선물 시장 웹소켓 첫 메시지 수신 (raw=True, 1/1, stream=blessusdt@kline_1m)
[2026-05-02 13:10:00 | INFO | Kairos] 선물 USDT 종목 중 수익률 상위 15개 추출 완료 (최소 거래대금: $1.0M)
[2026-05-02 13:10:00 | INFO | Kairos] 상위 15개 종목: BUSDT, LABUSDT, UBUSDT, ONUSDT, B2USDT, KNCUSDT, NFPUSDT, IRYSUSDT, TAGUSDT, TAKEUSDT, BLESSUSDT, CHRUSDT, JCTUSDT, SAPIENUSDT, BASUSDT
[2026-05-02 13:11:05 | WARNING | Kairos] 시장 웹소켓 강제 재시작 요청: 심볼 갱신 반영
[2026-05-02 13:11:05 | WARNING | Kairos] 시장 웹소켓 재시작 전 대기열 폐기 (폐기 건수=3)
[2026-05-02 13:11:05 | INFO | Kairos] 바이낸스 선물 시장 웹소켓 연결 시작 (symbols=16개, intervals=1개, streams=16개, chunks=1개, raw=True)
[2026-05-02 13:11:05 | INFO | Kairos] 바이낸스 선물 시장 웹소켓 chunk 연결 시작 (1/1, streams=16, sample=busdt@kline_1m, labusdt@kline_1m, ubusdt@kline_1m, onusdt@kline_1m, b2usdt@kline_1m..., raw=True)
[2026-05-02 13:11:05 | INFO | Kairos] 바이낸스 선물 시장 웹소켓 첫 메시지 수신 (raw=True, 1/1, stream=busdt@kline_1m)
[2026-05-02 14:10:00 | INFO | Kairos] 선물 USDT 종목 중 수익률 상위 15개 추출 완료 (최소 거래대금: $1.0M)
[2026-05-02 14:10:00 | INFO | Kairos] 상위 15개 종목: LABUSDT, BUSDT, UBUSDT, ONUSDT, NFPUSDT, KNCUSDT, TAGUSDT, B2USDT, PLAYUSDT, IRYSUSDT, TAKEUSDT, CHRUSDT, JCTUSDT, USUSDT, BABYUSDT
[2026-05-02 14:11:05 | WARNING | Kairos] 시장 웹소켓 강제 재시작 요청: 심볼 갱신 반영
[2026-05-02 14:11:05 | INFO | Kairos] 바이낸스 선물 시장 웹소켓 연결 시작 (symbols=16개, intervals=1개, streams=16개, chunks=1개, raw=True)
[2026-05-02 14:11:05 | INFO | Kairos] 바이낸스 선물 시장 웹소켓 chunk 연결 시작 (1/1, streams=16, sample=labusdt@kline_1m, busdt@kline_1m, ubusdt@kline_1m, onusdt@kline_1m, nfpusdt@kline_1m..., raw=True)
[2026-05-02 14:11:05 | INFO | Kairos] 바이낸스 선물 시장 웹소켓 첫 메시지 수신 (raw=True, 1/1, stream=b2usdt@kline_1m)
[2026-05-02 15:10:00 | INFO | Kairos] 선물 USDT 종목 중 수익률 상위 15개 추출 완료 (최소 거래대금: $1.0M)
[2026-05-02 15:10:00 | INFO | Kairos] 상위 15개 종목: LABUSDT, BUSDT, UBUSDT, NFPUSDT, KNCUSDT, ONUSDT, PLAYUSDT, TAGUSDT, CHRUSDT, B2USDT, JCTUSDT, IRYSUSDT, COAIUSDT, BLESSUSDT, XNYUSDT
[2026-05-02 15:11:05 | WARNING | Kairos] 시장 웹소켓 강제 재시작 요청: 심볼 갱신 반영
[2026-05-02 15:11:05 | INFO | Kairos] 바이낸스 선물 시장 웹소켓 연결 시작 (symbols=16개, intervals=1개, streams=16개, chunks=1개, raw=True)
[2026-05-02 15:11:05 | INFO | Kairos] 바이낸스 선물 시장 웹소켓 chunk 연결 시작 (1/1, streams=16, sample=labusdt@kline_1m, busdt@kline_1m, ubusdt@kline_1m, nfpusdt@kline_1m, kncusdt@kline_1m..., raw=True)
[2026-05-02 15:11:05 | INFO | Kairos] 바이낸스 선물 시장 웹소켓 첫 메시지 수신 (raw=True, 1/1, stream=kncusdt@kline_1m)
[2026-05-02 16:10:00 | INFO | Kairos] 선물 USDT 종목 중 수익률 상위 15개 추출 완료 (최소 거래대금: $1.0M)
[2026-05-02 16:10:00 | INFO | Kairos] 상위 15개 종목: LABUSDT, BUSDT, UBUSDT, NFPUSDT, KNCUSDT, IRYSUSDT, TAGUSDT, JCTUSDT, CHRUSDT, BLESSUSDT, CHILLGUYUSDT, TAKEUSDT, XNYUSDT, SPACEUSDT, MANTRAUSDT
[2026-05-02 16:11:05 | WARNING | Kairos] 시장 웹소켓 강제 재시작 요청: 심볼 갱신 반영
[2026-05-02 16:11:05 | INFO | Kairos] 바이낸스 선물 시장 웹소켓 연결 시작 (symbols=16개, intervals=1개, streams=16개, chunks=1개, raw=True)
[2026-05-02 16:11:05 | INFO | Kairos] 바이낸스 선물 시장 웹소켓 chunk 연결 시작 (1/1, streams=16, sample=labusdt@kline_1m, busdt@kline_1m, ubusdt@kline_1m, nfpusdt@kline_1m, kncusdt@kline_1m..., raw=True)
[2026-05-02 16:11:05 | INFO | Kairos] 바이낸스 선물 시장 웹소켓 첫 메시지 수신 (raw=True, 1/1, stream=labusdt@kline_1m)
[2026-05-02 17:10:00 | INFO | Kairos] 선물 USDT 종목 중 수익률 상위 15개 추출 완료 (최소 거래대금: $1.0M)
[2026-05-02 17:10:00 | INFO | Kairos] 상위 15개 종목: LABUSDT, UBUSDT, BUSDT, NFPUSDT, TAGUSDT, KNCUSDT, CHRUSDT, IRYSUSDT, JCTUSDT, XNYUSDT, SPACEUSDT, BLESSUSDT, BIOUSDT, CHILLGUYUSDT, TAKEUSDT
[2026-05-02 17:11:05 | WARNING | Kairos] 시장 웹소켓 강제 재시작 요청: 심볼 갱신 반영
[2026-05-02 17:11:05 | INFO | Kairos] 바이낸스 선물 시장 웹소켓 연결 시작 (symbols=16개, intervals=1개, streams=16개, chunks=1개, raw=True)
[2026-05-02 17:11:05 | INFO | Kairos] 바이낸스 선물 시장 웹소켓 chunk 연결 시작 (1/1, streams=16, sample=labusdt@kline_1m, ubusdt@kline_1m, busdt@kline_1m, nfpusdt@kline_1m, tagusdt@kline_1m..., raw=True)
[2026-05-02 17:11:05 | INFO | Kairos] 바이낸스 선물 시장 웹소켓 첫 메시지 수신 (raw=True, 1/1, stream=tagusdt@kline_1m)
[2026-05-02 18:10:00 | INFO | Kairos] 선물 USDT 종목 중 수익률 상위 15개 추출 완료 (최소 거래대금: $1.0M)
[2026-05-02 18:10:00 | INFO | Kairos] 상위 15개 종목: LABUSDT, UBUSDT, BUSDT, XNYUSDT, JCTUSDT, BIOUSDT, KNCUSDT, TAGUSDT, CHILLGUYUSDT, IRYSUSDT, NFPUSDT, BLESSUSDT, SPACEUSDT, BABYUSDT, CHRUSDT
[2026-05-02 18:11:05 | WARNING | Kairos] 시장 웹소켓 강제 재시작 요청: 심볼 갱신 반영
[2026-05-02 18:11:05 | INFO | Kairos] 바이낸스 선물 시장 웹소켓 연결 시작 (symbols=16개, intervals=1개, streams=16개, chunks=1개, raw=True)
[2026-05-02 18:11:05 | INFO | Kairos] 바이낸스 선물 시장 웹소켓 chunk 연결 시작 (1/1, streams=16, sample=labusdt@kline_1m, ubusdt@kline_1m, busdt@kline_1m, xnyusdt@kline_1m, jctusdt@kline_1m..., raw=True)
[2026-05-02 18:11:05 | INFO | Kairos] 바이낸스 선물 시장 웹소켓 첫 메시지 수신 (raw=True, 1/1, stream=busdt@kline_1m)
[2026-05-02 19:10:00 | INFO | Kairos] 선물 USDT 종목 중 수익률 상위 15개 추출 완료 (최소 거래대금: $1.0M)
[2026-05-02 19:10:00 | INFO | Kairos] 상위 15개 종목: LABUSDT, UBUSDT, BUSDT, TAGUSDT, TACUSDT, XNYUSDT, JCTUSDT, BIOUSDT, CHILLGUYUSDT, KNCUSDT, IRYSUSDT, BABYUSDT, SPACEUSDT, TAKEUSDT, TRIAUSDT
[2026-05-02 19:11:05 | WARNING | Kairos] 시장 웹소켓 강제 재시작 요청: 심볼 갱신 반영
[2026-05-02 19:11:05 | INFO | Kairos] 바이낸스 선물 시장 웹소켓 연결 시작 (symbols=16개, intervals=1개, streams=16개, chunks=1개, raw=True)
[2026-05-02 19:11:05 | INFO | Kairos] 바이낸스 선물 시장 웹소켓 chunk 연결 시작 (1/1, streams=16, sample=labusdt@kline_1m, ubusdt@kline_1m, busdt@kline_1m, tagusdt@kline_1m, tacusdt@kline_1m..., raw=True)
[2026-05-02 19:11:05 | INFO | Kairos] 바이낸스 선물 시장 웹소켓 첫 메시지 수신 (raw=True, 1/1, stream=labusdt@kline_1m)
[2026-05-02 20:10:00 | INFO | Kairos] 선물 USDT 종목 중 수익률 상위 15개 추출 완료 (최소 거래대금: $1.0M)
[2026-05-02 20:10:00 | INFO | Kairos] 상위 15개 종목: LABUSDT, BUSDT, UBUSDT, TACUSDT, TAGUSDT, XNYUSDT, BIOUSDT, JCTUSDT, BABYUSDT, IRYSUSDT, CHILLGUYUSDT, KNCUSDT, APEUSDT, TRIAUSDT, SPACEUSDT
[2026-05-02 20:11:05 | WARNING | Kairos] 시장 웹소켓 강제 재시작 요청: 심볼 갱신 반영
[2026-05-02 20:11:05 | INFO | Kairos] 바이낸스 선물 시장 웹소켓 연결 시작 (symbols=16개, intervals=1개, streams=16개, chunks=1개, raw=True)
[2026-05-02 20:11:05 | INFO | Kairos] 바이낸스 선물 시장 웹소켓 chunk 연결 시작 (1/1, streams=16, sample=labusdt@kline_1m, busdt@kline_1m, ubusdt@kline_1m, tacusdt@kline_1m, tagusdt@kline_1m..., raw=True)
[2026-05-02 20:11:05 | INFO | Kairos] 바이낸스 선물 시장 웹소켓 첫 메시지 수신 (raw=True, 1/1, stream=biousdt@kline_1m)
[2026-05-02 21:10:00 | INFO | Kairos] 선물 USDT 종목 중 수익률 상위 15개 추출 완료 (최소 거래대금: $1.0M)
[2026-05-02 21:10:00 | INFO | Kairos] 상위 15개 종목: LABUSDT, BUSDT, TAGUSDT, BIOUSDT, TACUSDT, XNYUSDT, JCTUSDT, UBUSDT, SPACEUSDT, IRYSUSDT, CHILLGUYUSDT, BLESSUSDT, B2USDT, BABYUSDT, BSBUSDT
[2026-05-02 21:11:05 | WARNING | Kairos] 시장 웹소켓 강제 재시작 요청: 심볼 갱신 반영
[2026-05-02 21:11:05 | INFO | Kairos] 바이낸스 선물 시장 웹소켓 연결 시작 (symbols=16개, intervals=1개, streams=16개, chunks=1개, raw=True)
[2026-05-02 21:11:05 | INFO | Kairos] 바이낸스 선물 시장 웹소켓 chunk 연결 시작 (1/1, streams=16, sample=labusdt@kline_1m, busdt@kline_1m, tagusdt@kline_1m, biousdt@kline_1m, tacusdt@kline_1m..., raw=True)
[2026-05-02 21:11:05 | INFO | Kairos] 바이낸스 선물 시장 웹소켓 첫 메시지 수신 (raw=True, 1/1, stream=labusdt@kline_1m)
[2026-05-02 22:10:00 | INFO | Kairos] 선물 USDT 종목 중 수익률 상위 15개 추출 완료 (최소 거래대금: $1.0M)
[2026-05-02 22:10:00 | INFO | Kairos] 상위 15개 종목: LABUSDT, BUSDT, TAGUSDT, BIOUSDT, SKYAIUSDT, JCTUSDT, XNYUSDT, TACUSDT, SPACEUSDT, UBUSDT, CHILLGUYUSDT, BLESSUSDT, USTCUSDT, BSBUSDT, TAKEUSDT
[2026-05-02 22:11:05 | WARNING | Kairos] 시장 웹소켓 강제 재시작 요청: 심볼 갱신 반영
[2026-05-02 22:11:05 | INFO | Kairos] 바이낸스 선물 시장 웹소켓 연결 시작 (symbols=16개, intervals=1개, streams=16개, chunks=1개, raw=True)
[2026-05-02 22:11:05 | INFO | Kairos] 바이낸스 선물 시장 웹소켓 chunk 연결 시작 (1/1, streams=16, sample=labusdt@kline_1m, busdt@kline_1m, tagusdt@kline_1m, biousdt@kline_1m, skyaiusdt@kline_1m..., raw=True)
[2026-05-02 22:11:05 | INFO | Kairos] 바이낸스 선물 시장 웹소켓 첫 메시지 수신 (raw=True, 1/1, stream=labusdt@kline_1m)
[2026-05-02 23:10:00 | INFO | Kairos] 선물 USDT 종목 중 수익률 상위 15개 추출 완료 (최소 거래대금: $1.0M)
[2026-05-02 23:10:00 | INFO | Kairos] 상위 15개 종목: LABUSDT, TAGUSDT, BIOUSDT, BUSDT, JCTUSDT, SPACEUSDT, XNYUSDT, UBUSDT, CHILLGUYUSDT, USTCUSDT, BSBUSDT, BLESSUSDT, BBUSDT, TACUSDT, TAKEUSDT
[2026-05-02 23:11:05 | WARNING | Kairos] 시장 웹소켓 강제 재시작 요청: 심볼 갱신 반영
[2026-05-02 23:11:05 | INFO | Kairos] 바이낸스 선물 시장 웹소켓 연결 시작 (symbols=16개, intervals=1개, streams=16개, chunks=1개, raw=True)
[2026-05-02 23:11:05 | INFO | Kairos] 바이낸스 선물 시장 웹소켓 chunk 연결 시작 (1/1, streams=16, sample=labusdt@kline_1m, tagusdt@kline_1m, biousdt@kline_1m, busdt@kline_1m, jctusdt@kline_1m..., raw=True)
[2026-05-02 23:11:05 | INFO | Kairos] 바이낸스 선물 시장 웹소켓 첫 메시지 수신 (raw=True, 1/1, stream=tagusdt@kline_1m)
[2026-05-03 00:10:00 | INFO | Kairos] 선물 USDT 종목 중 수익률 상위 15개 추출 완료 (최소 거래대금: $1.0M)
[2026-05-03 00:10:00 | INFO | Kairos] 상위 15개 종목: LABUSDT, TAGUSDT, BIOUSDT, SKYAIUSDT, JCTUSDT, BSBUSDT, CHILLGUYUSDT, BUSDT, SPACEUSDT, ORDIUSDT, XNYUSDT, IRYSUSDT, TAKEUSDT, USTCUSDT, UBUSDT
[2026-05-03 00:11:05 | WARNING | Kairos] 시장 웹소켓 강제 재시작 요청: 심볼 갱신 반영
[2026-05-03 00:11:05 | INFO | Kairos] 바이낸스 선물 시장 웹소켓 연결 시작 (symbols=16개, intervals=1개, streams=16개, chunks=1개, raw=True)
[2026-05-03 00:11:05 | INFO | Kairos] 바이낸스 선물 시장 웹소켓 chunk 연결 시작 (1/1, streams=16, sample=labusdt@kline_1m, tagusdt@kline_1m, biousdt@kline_1m, skyaiusdt@kline_1m, jctusdt@kline_1m..., raw=True)
[2026-05-03 00:11:05 | INFO | Kairos] 바이낸스 선물 시장 웹소켓 첫 메시지 수신 (raw=True, 1/1, stream=tagusdt@kline_1m)
[2026-05-03 01:10:00 | INFO | Kairos] 선물 USDT 종목 중 수익률 상위 15개 추출 완료 (최소 거래대금: $1.0M)
[2026-05-03 01:10:00 | INFO | Kairos] 상위 15개 종목: LABUSDT, TAGUSDT, ORDIUSDT, BUSDT, SKYAIUSDT, BIOUSDT, XNYUSDT, JCTUSDT, SPACEUSDT, KNCUSDT, CHILLGUYUSDT, 1000SATSUSDT, BABYUSDT, USTCUSDT, USUSDT
[2026-05-03 01:11:05 | WARNING | Kairos] 시장 웹소켓 강제 재시작 요청: 심볼 갱신 반영
[2026-05-03 01:11:05 | INFO | Kairos] 바이낸스 선물 시장 웹소켓 연결 시작 (symbols=16개, intervals=1개, streams=16개, chunks=1개, raw=True)
[2026-05-03 01:11:05 | INFO | Kairos] 바이낸스 선물 시장 웹소켓 chunk 연결 시작 (1/1, streams=16, sample=labusdt@kline_1m, tagusdt@kline_1m, ordiusdt@kline_1m, busdt@kline_1m, skyaiusdt@kline_1m..., raw=True)
[2026-05-03 01:11:05 | INFO | Kairos] 바이낸스 선물 시장 웹소켓 첫 메시지 수신 (raw=True, 1/1, stream=skyaiusdt@kline_1m)
[2026-05-03 02:10:00 | INFO | Kairos] 선물 USDT 종목 중 수익률 상위 15개 추출 완료 (최소 거래대금: $1.0M)
[2026-05-03 02:10:00 | INFO | Kairos] 상위 15개 종목: LABUSDT, TAGUSDT, SKYAIUSDT, BIOUSDT, ORDIUSDT, XNYUSDT, BSBUSDT, TACUSDT, SPACEUSDT, CHILLGUYUSDT, KNCUSDT, USTCUSDT, FHEUSDT, 1000SATSUSDT, GUAUSDT
[2026-05-03 02:11:05 | WARNING | Kairos] 시장 웹소켓 강제 재시작 요청: 심볼 갱신 반영
[2026-05-03 02:11:05 | INFO | Kairos] 바이낸스 선물 시장 웹소켓 연결 시작 (symbols=16개, intervals=1개, streams=16개, chunks=1개, raw=True)
[2026-05-03 02:11:05 | INFO | Kairos] 바이낸스 선물 시장 웹소켓 chunk 연결 시작 (1/1, streams=16, sample=labusdt@kline_1m, tagusdt@kline_1m, skyaiusdt@kline_1m, biousdt@kline_1m, ordiusdt@kline_1m..., raw=True)
[2026-05-03 02:11:05 | INFO | Kairos] 바이낸스 선물 시장 웹소켓 첫 메시지 수신 (raw=True, 1/1, stream=bsbusdt@kline_1m)
[2026-05-03 03:10:00 | INFO | Kairos] 선물 USDT 종목 중 수익률 상위 15개 추출 완료 (최소 거래대금: $1.0M)
[2026-05-03 03:10:00 | INFO | Kairos] 상위 15개 종목: LABUSDT, UBUSDT, SKYAIUSDT, TAGUSDT, BSBUSDT, BIOUSDT, XNYUSDT, ORDIUSDT, SPACEUSDT, TACUSDT, KNCUSDT, USTCUSDT, CHILLGUYUSDT, GUAUSDT, FHEUSDT
[2026-05-03 03:11:05 | WARNING | Kairos] 시장 웹소켓 강제 재시작 요청: 심볼 갱신 반영
[2026-05-03 03:11:05 | INFO | Kairos] 바이낸스 선물 시장 웹소켓 연결 시작 (symbols=16개, intervals=1개, streams=16개, chunks=1개, raw=True)
[2026-05-03 03:11:05 | INFO | Kairos] 바이낸스 선물 시장 웹소켓 chunk 연결 시작 (1/1, streams=16, sample=labusdt@kline_1m, ubusdt@kline_1m, skyaiusdt@kline_1m, tagusdt@kline_1m, bsbusdt@kline_1m..., raw=True)
[2026-05-03 03:11:05 | INFO | Kairos] 바이낸스 선물 시장 웹소켓 첫 메시지 수신 (raw=True, 1/1, stream=ordiusdt@kline_1m)
[2026-05-03 03:30:05 | INFO | Kairos] DBManager 초기화 (127.0.0.1:5433/kairos)
[2026-05-03 03:30:06 | INFO | Kairos] DB 연결 성공
[2026-05-03 03:30:06 | INFO | Kairos] DB 연결 종료
[2026-05-03 03:30:10 | INFO | Kairos] DBManager 초기화 (127.0.0.1:5433/kairos)
[2026-05-03 03:30:10 | INFO | Kairos] DB 연결 성공
[2026-05-03 03:30:10 | INFO | Kairos] DB 연결 종료
[2026-05-03 03:30:15 | INFO | Kairos] DBManager 초기화 (127.0.0.1:5433/kairos)
[2026-05-03 03:30:15 | INFO | Kairos] DB 연결 성공
[2026-05-03 03:30:15 | INFO | Kairos] DB 연결 종료
[2026-05-03 03:30:26 | INFO | Kairos] 시장 웹소켓 스트림 종료
[2026-05-03 03:30:26 | INFO | Kairos] DB 연결 종료
