[2026-05-01 00:52:12 | INFO | Kairos.Train1M] === 1분봉 단타 모델 학습 시작: scalping_1m_lgbm_v3_h120 ===
[2026-05-01 00:52:12 | INFO | Kairos.Scalping1M] 1분봉 단타 데이터셋 생성 시작: symbols=555, limit=20000, TP=5.00%, SL=3.00%, horizon=120분
[2026-05-01 01:04:38 | INFO | Kairos.Scalping1M] top15/강한 펌핑 타겟 필터 적용(regime 제외): 11004606 -> 710716 rows (top15 또는 strong_change_24h>=40%)
[2026-05-01 01:06:24 | INFO | Kairos.Scalping1M] 1분봉 단타 데이터셋 생성 완료: rows=710716, cols=345, TP=100631 (14.16%), SL=196433 (27.64%), Timeout=413652 (58.20%)
[2026-05-01 01:06:35 | INFO | Kairos.Scalping1M] 1분봉 데이터 분할 완료: Train=581328, Val=64592, Blind=64796
[2026-05-01 01:06:39 | INFO | Kairos.Train1M] 1분봉 TP 학습 입력 준비 완료 | Train=581328, Val=64592, Feature=314, Positive=69361
[2026-05-01 01:06:39 | INFO | Kairos.Train1M] 1분봉 TP positive class weight 적용: positive=69361, negative=511967, scale_pos_weight=3.69
[2026-05-01 01:07:00 | INFO | Kairos.Train1M] [TP Best Iteration: 13] Train AUC=0.8428 | Valid AUC=0.6203
[2026-05-01 01:07:01 | INFO | Kairos.Train1M] === 1분봉 단타 TP Validation 결과 ===
[2026-05-01 01:07:01 | INFO | Kairos.Train1M] Threshold=0.20 | AUC=0.6209 | Accuracy=0.3002 | Precision=0.2693 | Recall=0.9723 | F1=0.4218
[2026-05-01 01:07:01 | INFO | Kairos.Train1M] 신호 상세 | PositiveSignals=61224, 실제 TP=16489, Hit Rate=26.93%
[2026-05-01 01:07:01 | INFO | Kairos.Train1M] 상위 10% 확률 커트라인: 0.3090
[2026-05-01 01:07:01 | INFO | Kairos.Train1M] 상위 5% 확률 커트라인: 0.3090
[2026-05-01 01:07:01 | INFO | Kairos.Train1M] 상위 1% 확률 커트라인: 0.3090
[2026-05-01 01:07:01 | INFO | Kairos.Train1M] 상위 0.1% 확률 커트라인: 0.3128
[2026-05-01 01:07:01 | INFO | Kairos.Train1M] 1분봉 피처 중요도 리포트 저장 완료: C:\dev\kairos_1m\common\models\feature_importance_scalping_1m_lgbm_v3_h120_tp.md
[2026-05-01 01:07:01 | INFO | Kairos.Train1M] 1분봉 SL 학습 입력 준비 완료 | Train=581328, Val=64592, Feature=314, Positive=135830
[2026-05-01 01:07:01 | INFO | Kairos.Train1M] 1분봉 SL positive class weight 적용: positive=135830, negative=445498, scale_pos_weight=1.64
[2026-05-01 01:07:27 | INFO | Kairos.Train1M] [SL Best Iteration: 47] Train AUC=0.8516 | Valid AUC=0.6139
[2026-05-01 01:07:27 | INFO | Kairos.Train1M] === 1분봉 단타 SL Validation 결과 ===
[2026-05-01 01:07:27 | INFO | Kairos.Train1M] Threshold=0.20 | AUC=0.6149 | Accuracy=0.5076 | Precision=0.5056 | Recall=0.9983 | F1=0.6712
[2026-05-01 01:07:27 | INFO | Kairos.Train1M] 신호 상세 | PositiveSignals=64217, 실제 SL=32467, Hit Rate=50.56%
[2026-05-01 01:07:27 | INFO | Kairos.Train1M] 상위 10% 확률 커트라인: 0.6134
[2026-05-01 01:07:27 | INFO | Kairos.Train1M] 상위 5% 확률 커트라인: 0.6153
[2026-05-01 01:07:27 | INFO | Kairos.Train1M] 상위 1% 확률 커트라인: 0.6186
[2026-05-01 01:07:27 | INFO | Kairos.Train1M] 상위 0.1% 확률 커트라인: 0.6252
[2026-05-01 01:07:27 | INFO | Kairos.Train1M] 1분봉 피처 중요도 리포트 저장 완료: C:\dev\kairos_1m\common\models\feature_importance_scalping_1m_lgbm_v3_h120_sl.md
[2026-05-01 01:07:27 | INFO | Kairos.Train1M] 1분봉 TIMEOUT 학습 입력 준비 완료 | Train=581328, Val=64592, Feature=314, Positive=376137
[2026-05-01 01:07:27 | INFO | Kairos.Train1M] 1분봉 TIMEOUT positive class weight 적용: positive=376137, negative=205191, scale_pos_weight=1.00
[2026-05-01 01:08:13 | INFO | Kairos.Train1M] [TIMEOUT Best Iteration: 180] Train AUC=0.9395 | Valid AUC=0.8160
[2026-05-01 01:08:13 | INFO | Kairos.Train1M] === 1분봉 단타 TIMEOUT Validation 결과 ===
[2026-05-01 01:08:13 | INFO | Kairos.Train1M] Threshold=0.20 | AUC=0.8100 | Accuracy=0.6677 | Precision=0.4037 | Recall=0.8808 | F1=0.5536
[2026-05-01 01:08:13 | INFO | Kairos.Train1M] 신호 상세 | PositiveSignals=32973, 실제 TIMEOUT=13310, Hit Rate=40.37%
[2026-05-01 01:08:13 | INFO | Kairos.Train1M] 상위 10% 확률 커트라인: 0.5423
[2026-05-01 01:08:13 | INFO | Kairos.Train1M] 상위 5% 확률 커트라인: 0.6080
[2026-05-01 01:08:13 | INFO | Kairos.Train1M] 상위 1% 확률 커트라인: 0.7260
[2026-05-01 01:08:13 | INFO | Kairos.Train1M] 상위 0.1% 확률 커트라인: 0.8838
[2026-05-01 01:08:13 | INFO | Kairos.Train1M] 1분봉 피처 중요도 리포트 저장 완료: C:\dev\kairos_1m\common\models\feature_importance_scalping_1m_lgbm_v3_h120_timeout.md
[2026-05-01 01:08:13 | INFO | Kairos.Train1M] === 1분봉 단타 모델 학습 완료: scalping_1m_lgbm_v3_h120 ===
[2026-05-01 01:20:33 | INFO | Kairos.Scalping1M] 1분봉 단타 데이터셋 생성 시작: symbols=555, limit=20000, TP=5.00%, SL=3.00%, horizon=120분
[2026-05-01 01:36:15 | INFO | Kairos.Scalping1M] top15/강한 펌핑 타겟 필터 적용(regime 제외): 11004606 -> 710716 rows (top15 또는 strong_change_24h>=40%)
[2026-05-01 01:38:26 | INFO | Kairos.Scalping1M] 1분봉 단타 데이터셋 생성 완료: rows=710716, cols=345, TP=100631 (14.16%), SL=196433 (27.64%), Timeout=413652 (58.20%)
[2026-05-01 01:38:42 | INFO | Kairos.Scalping1M] 1분봉 데이터 분할 완료: Train=581328, Val=64592, Blind=64796
[2026-05-01 02:16:45 | INFO | Kairos.Scalping1M] 1분봉 단타 데이터셋 생성 시작: symbols=555, limit=20000, TP=5.00%, SL=3.00%, horizon=120분
[2026-05-01 02:25:48 | INFO | Kairos.Scalping1M] top15/강한 펌핑 타겟 필터 적용(regime 제외): 11004606 -> 710716 rows (top15 또는 strong_change_24h>=40%)
[2026-05-01 02:27:26 | INFO | Kairos.Scalping1M] 1분봉 단타 데이터셋 생성 완료: rows=710716, cols=345, TP=100631 (14.16%), SL=196433 (27.64%), Timeout=413652 (58.20%)
[2026-05-01 02:27:28 | INFO | Kairos.Scalping1M] 1분봉 데이터 분할 완료: Train=581328, Val=64592, Blind=64796
[2026-05-01 02:29:00 | INFO | Kairos.Scalping1M] 1분봉 단타 데이터셋 생성 시작: symbols=555, limit=20000, TP=5.00%, SL=3.00%, horizon=120분
[2026-05-01 02:37:36 | INFO | Kairos.Scalping1M] top15/강한 펌핑 타겟 필터 적용(regime 제외): 11004606 -> 710716 rows (top15 또는 strong_change_24h>=40%)
[2026-05-01 02:39:00 | INFO | Kairos.Scalping1M] 1분봉 단타 데이터셋 생성 완료: rows=710716, cols=345, TP=100631 (14.16%), SL=196433 (27.64%), Timeout=413652 (58.20%)
[2026-05-01 02:39:03 | INFO | Kairos.Scalping1M] 1분봉 데이터 분할 완료: Train=581328, Val=64592, Blind=64796
[2026-05-01 02:49:19 | INFO | Kairos.Scalping1M] 1분봉 단타 데이터셋 생성 시작: symbols=555, limit=20000, TP=5.00%, SL=3.00%, horizon=120분
[2026-05-01 02:56:53 | INFO | Kairos.Scalping1M] top15/강한 펌핑 타겟 필터 적용(regime 제외): 11004606 -> 710716 rows (top15 또는 strong_change_24h>=40%)
[2026-05-01 02:58:15 | INFO | Kairos.Scalping1M] 1분봉 단타 데이터셋 생성 완료: rows=710716, cols=345, TP=100631 (14.16%), SL=196433 (27.64%), Timeout=413652 (58.20%)
[2026-05-01 02:58:18 | INFO | Kairos.Scalping1M] 1분봉 데이터 분할 완료: Train=581328, Val=64592, Blind=64796
[2026-05-01 04:01:49 | INFO | Kairos.Train1M] === 1분봉 단타 모델 학습 시작: scalping_1m_lgbm_v4_pump20_h120 ===
[2026-05-01 04:01:50 | INFO | Kairos.Scalping1M] 1분봉 단타 데이터셋 생성 시작: symbols=555, limit=20000, TP=5.00%, SL=3.00%, horizon=120분
[2026-05-01 04:09:18 | INFO | Kairos.Scalping1M] top15/강한 펌핑 타겟 필터 적용(regime 제외): 11004606 -> 156593 rows (change_24h>=20% AND (top15 또는 strong_change_24h>=40%))
[2026-05-01 04:10:01 | INFO | Kairos.Scalping1M] 1분봉 단타 데이터셋 생성 완료: rows=156593, cols=345, TP=48548 (31.00%), SL=85366 (54.51%), Timeout=22679 (14.48%)
[2026-05-01 04:10:02 | INFO | Kairos.Scalping1M] 1분봉 데이터 분할 완료: Train=119726, Val=13303, Blind=23564
[2026-05-01 04:10:02 | INFO | Kairos.Train1M] 1분봉 TP 학습 입력 준비 완료 | Train=119726, Val=13303, Feature=314, Positive=37650
[2026-05-01 04:10:02 | INFO | Kairos.Train1M] 1분봉 TP positive class weight 적용: positive=37650, negative=82076, scale_pos_weight=1.09
[2026-05-01 04:10:07 | INFO | Kairos.Train1M] [TP Best Iteration: 1] Train AUC=0.6464 | Valid AUC=0.5846
[2026-05-01 04:10:07 | INFO | Kairos.Train1M] === 1분봉 단타 TP Validation 결과 ===
[2026-05-01 04:10:07 | INFO | Kairos.Train1M] Threshold=0.20 | AUC=0.5857 | Accuracy=0.3031 | Precision=0.3031 | Recall=1.0000 | F1=0.4652
[2026-05-01 04:10:07 | INFO | Kairos.Train1M] 신호 상세 | PositiveSignals=13303, 실제 TP=4032, Hit Rate=30.31%
[2026-05-01 04:10:07 | INFO | Kairos.Train1M] 상위 10% 확률 커트라인: 0.3218
[2026-05-01 04:10:07 | INFO | Kairos.Train1M] 상위 5% 확률 커트라인: 0.3222
[2026-05-01 04:10:07 | INFO | Kairos.Train1M] 상위 1% 확률 커트라인: 0.3232
[2026-05-01 04:10:07 | INFO | Kairos.Train1M] 상위 0.1% 확률 커트라인: 0.3315
[2026-05-01 04:10:07 | INFO | Kairos.Train1M] 1분봉 피처 중요도 리포트 저장 완료: C:\dev\kairos_1m\common\models\feature_importance_scalping_1m_lgbm_v4_pump20_h120_tp.md
[2026-05-01 04:10:07 | INFO | Kairos.Train1M] 1분봉 SL 학습 입력 준비 완료 | Train=119726, Val=13303, Feature=314, Positive=64523
[2026-05-01 04:10:07 | INFO | Kairos.Train1M] 1분봉 SL positive class weight 적용: positive=64523, negative=55203, scale_pos_weight=1.00
[2026-05-01 04:10:11 | INFO | Kairos.Train1M] [SL Best Iteration: 2] Train AUC=0.6768 | Valid AUC=0.5480
[2026-05-01 04:10:11 | INFO | Kairos.Train1M] === 1분봉 단타 SL Validation 결과 ===
[2026-05-01 04:10:11 | INFO | Kairos.Train1M] Threshold=0.20 | AUC=0.5484 | Accuracy=0.5908 | Precision=0.5908 | Recall=1.0000 | F1=0.7427
[2026-05-01 04:10:11 | INFO | Kairos.Train1M] 신호 상세 | PositiveSignals=13303, 실제 SL=7859, Hit Rate=59.08%
[2026-05-01 04:10:11 | INFO | Kairos.Train1M] 상위 10% 확률 커트라인: 0.5507
[2026-05-01 04:10:11 | INFO | Kairos.Train1M] 상위 5% 확률 커트라인: 0.5507
[2026-05-01 04:10:11 | INFO | Kairos.Train1M] 상위 1% 확률 커트라인: 0.5580
[2026-05-01 04:10:11 | INFO | Kairos.Train1M] 상위 0.1% 확률 커트라인: 0.5603
[2026-05-01 04:10:11 | INFO | Kairos.Train1M] 1분봉 피처 중요도 리포트 저장 완료: C:\dev\kairos_1m\common\models\feature_importance_scalping_1m_lgbm_v4_pump20_h120_sl.md
[2026-05-01 04:10:11 | INFO | Kairos.Train1M] 1분봉 TIMEOUT 학습 입력 준비 완료 | Train=119726, Val=13303, Feature=314, Positive=17553
[2026-05-01 04:10:11 | INFO | Kairos.Train1M] 1분봉 TIMEOUT positive class weight 적용: positive=17553, negative=102173, scale_pos_weight=2.91
[2026-05-01 04:10:16 | INFO | Kairos.Train1M] [TIMEOUT Best Iteration: 15] Train AUC=0.9160 | Valid AUC=0.8005
[2026-05-01 04:10:16 | INFO | Kairos.Train1M] === 1분봉 단타 TIMEOUT Validation 결과 ===
[2026-05-01 04:10:16 | INFO | Kairos.Train1M] Threshold=0.20 | AUC=0.7949 | Accuracy=0.6996 | Precision=0.2314 | Recall=0.7882 | F1=0.3578
[2026-05-01 04:10:16 | INFO | Kairos.Train1M] 신호 상세 | PositiveSignals=4810, 실제 TIMEOUT=1113, Hit Rate=23.14%
[2026-05-01 04:10:16 | INFO | Kairos.Train1M] 상위 10% 확률 커트라인: 0.3166
[2026-05-01 04:10:16 | INFO | Kairos.Train1M] 상위 5% 확률 커트라인: 0.3479
[2026-05-01 04:10:16 | INFO | Kairos.Train1M] 상위 1% 확률 커트라인: 0.3888
[2026-05-01 04:10:16 | INFO | Kairos.Train1M] 상위 0.1% 확률 커트라인: 0.4037
[2026-05-01 04:10:16 | INFO | Kairos.Train1M] 1분봉 피처 중요도 리포트 저장 완료: C:\dev\kairos_1m\common\models\feature_importance_scalping_1m_lgbm_v4_pump20_h120_timeout.md
[2026-05-01 04:10:16 | INFO | Kairos.Train1M] === 1분봉 단타 모델 학습 완료: scalping_1m_lgbm_v4_pump20_h120 ===
[2026-05-01 04:10:27 | INFO | Kairos.Scalping1M] 1분봉 단타 데이터셋 생성 시작: symbols=555, limit=20000, TP=5.00%, SL=3.00%, horizon=120분
[2026-05-01 04:16:45 | INFO | Kairos.Scalping1M] top15/강한 펌핑 타겟 필터 적용(regime 제외): 11004606 -> 156593 rows (change_24h>=20% AND (top15 또는 strong_change_24h>=40%))
[2026-05-01 04:17:22 | INFO | Kairos.Scalping1M] 1분봉 단타 데이터셋 생성 완료: rows=156593, cols=345, TP=48548 (31.00%), SL=85366 (54.51%), Timeout=22679 (14.48%)
[2026-05-01 04:17:22 | INFO | Kairos.Scalping1M] 1분봉 데이터 분할 완료: Train=119726, Val=13303, Blind=23564
[2026-05-01 04:27:37 | INFO | Kairos.Train1M] === 1분봉 단타 모델 학습 시작: scalping_1m_lgbm_v3_h60 ===
[2026-05-01 04:27:37 | INFO | Kairos.Scalping1M] 1분봉 단타 데이터셋 생성 시작: symbols=555, limit=20000, TP=5.00%, SL=3.00%, horizon=60분
[2026-05-01 04:32:37 | INFO | Kairos.Scalping1M] top15/강한 펌핑 타겟 필터 적용(regime 제외): 11037906 -> 712576 rows (top15 또는 strong_change_24h>=40%)
[2026-05-01 04:33:47 | INFO | Kairos.Scalping1M] 1분봉 단타 데이터셋 생성 완료: rows=712576, cols=345, TP=65931 (9.25%), SL=141839 (19.91%), Timeout=504806 (70.84%)
[2026-05-01 04:33:49 | INFO | Kairos.Scalping1M] 1분봉 데이터 분할 완료: Train=583002, Val=64778, Blind=64796
[2026-05-01 04:33:50 | INFO | Kairos.Train1M] 1분봉 TP 학습 입력 준비 완료 | Train=583002, Val=64778, Feature=314, Positive=45311
[2026-05-01 04:33:50 | INFO | Kairos.Train1M] 1분봉 TP positive class weight 적용: positive=45311, negative=537691, scale_pos_weight=5.93
[2026-05-01 04:34:06 | INFO | Kairos.Train1M] [TP Best Iteration: 10] Train AUC=0.8714 | Valid AUC=0.7113
[2026-05-01 04:34:07 | INFO | Kairos.Train1M] === 1분봉 단타 TP Validation 결과 ===
[2026-05-01 04:34:07 | INFO | Kairos.Train1M] Threshold=0.20 | AUC=0.7124 | Accuracy=0.5562 | Precision=0.2666 | Recall=0.8137 | F1=0.4016
[2026-05-01 04:34:07 | INFO | Kairos.Train1M] 신호 상세 | PositiveSignals=36183, 실제 TP=9645, Hit Rate=26.66%
[2026-05-01 04:34:07 | INFO | Kairos.Train1M] 상위 10% 확률 커트라인: 0.2654
[2026-05-01 04:34:07 | INFO | Kairos.Train1M] 상위 5% 확률 커트라인: 0.2671
[2026-05-01 04:34:07 | INFO | Kairos.Train1M] 상위 1% 확률 커트라인: 0.2671
[2026-05-01 04:34:07 | INFO | Kairos.Train1M] 상위 0.1% 확률 커트라인: 0.2671
[2026-05-01 04:34:07 | INFO | Kairos.Train1M] 1분봉 피처 중요도 리포트 저장 완료: C:\dev\kairos_1m\common\models\feature_importance_scalping_1m_lgbm_v3_h60_tp.md
[2026-05-01 04:34:07 | INFO | Kairos.Train1M] 1분봉 SL 학습 입력 준비 완료 | Train=583002, Val=64778, Feature=314, Positive=95903
[2026-05-01 04:34:07 | INFO | Kairos.Train1M] 1분봉 SL positive class weight 적용: positive=95903, negative=487099, scale_pos_weight=2.54
[2026-05-01 04:34:24 | INFO | Kairos.Train1M] [SL Best Iteration: 30] Train AUC=0.8763 | Valid AUC=0.6841
[2026-05-01 04:34:25 | INFO | Kairos.Train1M] === 1분봉 단타 SL Validation 결과 ===
[2026-05-01 04:34:25 | INFO | Kairos.Train1M] Threshold=0.20 | AUC=0.6849 | Accuracy=0.4148 | Precision=0.4010 | Recall=0.9936 | F1=0.5714
[2026-05-01 04:34:25 | INFO | Kairos.Train1M] 신호 상세 | PositiveSignals=63012, 실제 SL=25265, Hit Rate=40.10%
[2026-05-01 04:34:25 | INFO | Kairos.Train1M] 상위 10% 확률 커트라인: 0.5461
[2026-05-01 04:34:25 | INFO | Kairos.Train1M] 상위 5% 확률 커트라인: 0.5493
[2026-05-01 04:34:25 | INFO | Kairos.Train1M] 상위 1% 확률 커트라인: 0.5511
[2026-05-01 04:34:25 | INFO | Kairos.Train1M] 상위 0.1% 확률 커트라인: 0.5511
[2026-05-01 04:34:25 | INFO | Kairos.Train1M] 1분봉 피처 중요도 리포트 저장 완료: C:\dev\kairos_1m\common\models\feature_importance_scalping_1m_lgbm_v3_h60_sl.md
[2026-05-01 04:34:25 | INFO | Kairos.Train1M] 1분봉 TIMEOUT 학습 입력 준비 완료 | Train=583002, Val=64778, Feature=314, Positive=441788
[2026-05-01 04:34:25 | INFO | Kairos.Train1M] 1분봉 TIMEOUT positive class weight 적용: positive=441788, negative=141214, scale_pos_weight=1.00
[2026-05-01 04:34:57 | INFO | Kairos.Train1M] [TIMEOUT Best Iteration: 170] Train AUC=0.9394 | Valid AUC=0.8227
[2026-05-01 04:34:57 | INFO | Kairos.Train1M] === 1분봉 단타 TIMEOUT Validation 결과 ===
[2026-05-01 04:34:57 | INFO | Kairos.Train1M] Threshold=0.20 | AUC=0.8187 | Accuracy=0.6621 | Precision=0.5612 | Recall=0.9360 | F1=0.7017
[2026-05-01 04:34:57 | INFO | Kairos.Train1M] 신호 상세 | PositiveSignals=45863, 실제 TIMEOUT=25737, Hit Rate=56.12%
[2026-05-01 04:34:57 | INFO | Kairos.Train1M] 상위 10% 확률 커트라인: 0.7822
[2026-05-01 04:34:57 | INFO | Kairos.Train1M] 상위 5% 확률 커트라인: 0.8305
[2026-05-01 04:34:57 | INFO | Kairos.Train1M] 상위 1% 확률 커트라인: 0.8849
[2026-05-01 04:34:57 | INFO | Kairos.Train1M] 상위 0.1% 확률 커트라인: 0.9227
[2026-05-01 04:34:57 | INFO | Kairos.Train1M] 1분봉 피처 중요도 리포트 저장 완료: C:\dev\kairos_1m\common\models\feature_importance_scalping_1m_lgbm_v3_h60_timeout.md
[2026-05-01 04:34:57 | INFO | Kairos.Train1M] === 1분봉 단타 모델 학습 완료: scalping_1m_lgbm_v3_h60 ===
[2026-05-01 04:35:05 | INFO | Kairos.Scalping1M] 1분봉 단타 데이터셋 생성 시작: symbols=555, limit=20000, TP=5.00%, SL=3.00%, horizon=60분
[2026-05-01 04:40:06 | INFO | Kairos.Scalping1M] top15/강한 펌핑 타겟 필터 적용(regime 제외): 11037906 -> 712576 rows (top15 또는 strong_change_24h>=40%)
[2026-05-01 04:41:11 | INFO | Kairos.Scalping1M] 1분봉 단타 데이터셋 생성 완료: rows=712576, cols=345, TP=65931 (9.25%), SL=141839 (19.91%), Timeout=504806 (70.84%)
[2026-05-01 04:41:13 | INFO | Kairos.Scalping1M] 1분봉 데이터 분할 완료: Train=583002, Val=64778, Blind=64796
[2026-05-01 21:55:50 | INFO | Kairos.Train1M] === 1분봉 단타 모델 학습 시작: scalping_1m_lgbm_v5_tp35_sl20_h60 ===
[2026-05-01 21:55:50 | INFO | Kairos.Scalping1M] 1분봉 단타 데이터셋 생성 시작: symbols=555, limit=20000, TP=3.50%, SL=2.00%, horizon=60분
[2026-05-01 22:02:50 | INFO | Kairos.Scalping1M] top15/강한 펌핑 타겟 필터 적용(regime 제외): 11037906 -> 712576 rows (top15 또는 strong_change_24h>=40%)
[2026-05-01 22:04:35 | INFO | Kairos.Scalping1M] 1분봉 단타 데이터셋 생성 완료: rows=712576, cols=345, TP=97432 (13.67%), SL=208243 (29.22%), Timeout=406901 (57.10%)
[2026-05-01 22:04:38 | INFO | Kairos.Scalping1M] 1분봉 데이터 분할 완료: Train=583002, Val=64778, Blind=64796
[2026-05-01 22:04:39 | INFO | Kairos.Train1M] 1분봉 TP 학습 입력 준비 완료 | Train=583002, Val=64778, Feature=314, Positive=66922
[2026-05-01 22:04:39 | INFO | Kairos.Train1M] 1분봉 TP positive class weight 적용: positive=66922, negative=516080, scale_pos_weight=3.86
[2026-05-01 22:05:05 | INFO | Kairos.Train1M] [TP Best Iteration: 13] Train AUC=0.8376 | Valid AUC=0.6244
[2026-05-01 22:05:05 | INFO | Kairos.Train1M] === 1분봉 단타 TP Validation 결과 ===
[2026-05-01 22:05:05 | INFO | Kairos.Train1M] Threshold=0.20 | AUC=0.6252 | Accuracy=0.3243 | Precision=0.2674 | Recall=0.9512 | F1=0.4175
[2026-05-01 22:05:05 | INFO | Kairos.Train1M] 신호 상세 | PositiveSignals=58646, 실제 TP=15682, Hit Rate=26.74%
[2026-05-01 22:05:05 | INFO | Kairos.Train1M] 상위 10% 확률 커트라인: 0.3022
[2026-05-01 22:05:05 | INFO | Kairos.Train1M] 상위 5% 확률 커트라인: 0.3022
[2026-05-01 22:05:05 | INFO | Kairos.Train1M] 상위 1% 확률 커트라인: 0.3031
[2026-05-01 22:05:05 | INFO | Kairos.Train1M] 상위 0.1% 확률 커트라인: 0.3113
[2026-05-01 22:05:06 | INFO | Kairos.Train1M] 1분봉 피처 중요도 리포트 저장 완료: C:\dev\kairos_1m\common\models\feature_importance_scalping_1m_lgbm_v5_tp35_sl20_h60_tp.md
[2026-05-01 22:05:06 | INFO | Kairos.Train1M] 1분봉 SL 학습 입력 준비 완료 | Train=583002, Val=64778, Feature=314, Positive=144607
[2026-05-01 22:05:06 | INFO | Kairos.Train1M] 1분봉 SL positive class weight 적용: positive=144607, negative=438395, scale_pos_weight=1.52
[2026-05-01 22:05:37 | INFO | Kairos.Train1M] [SL Best Iteration: 51] Train AUC=0.8467 | Valid AUC=0.6175
[2026-05-01 22:05:37 | INFO | Kairos.Train1M] === 1분봉 단타 SL Validation 결과 ===
[2026-05-01 22:05:37 | INFO | Kairos.Train1M] Threshold=0.20 | AUC=0.6185 | Accuracy=0.5247 | Precision=0.5231 | Recall=0.9995 | F1=0.6868
[2026-05-01 22:05:37 | INFO | Kairos.Train1M] 신호 상세 | PositiveSignals=64530, 실제 SL=33758, Hit Rate=52.31%
[2026-05-01 22:05:37 | INFO | Kairos.Train1M] 상위 10% 확률 커트라인: 0.6300
[2026-05-01 22:05:37 | INFO | Kairos.Train1M] 상위 5% 확률 커트라인: 0.6328
[2026-05-01 22:05:37 | INFO | Kairos.Train1M] 상위 1% 확률 커트라인: 0.6369
[2026-05-01 22:05:37 | INFO | Kairos.Train1M] 상위 0.1% 확률 커트라인: 0.6432
[2026-05-01 22:05:37 | INFO | Kairos.Train1M] 1분봉 피처 중요도 리포트 저장 완료: C:\dev\kairos_1m\common\models\feature_importance_scalping_1m_lgbm_v5_tp35_sl20_h60_sl.md
[2026-05-01 22:05:37 | INFO | Kairos.Train1M] 1분봉 TIMEOUT 학습 입력 준비 완료 | Train=583002, Val=64778, Feature=314, Positive=371473
[2026-05-01 22:05:37 | INFO | Kairos.Train1M] 1분봉 TIMEOUT positive class weight 적용: positive=371473, negative=211529, scale_pos_weight=1.00
[2026-05-01 22:06:27 | INFO | Kairos.Train1M] [TIMEOUT Best Iteration: 182] Train AUC=0.9354 | Valid AUC=0.8173
[2026-05-01 22:06:27 | INFO | Kairos.Train1M] === 1분봉 단타 TIMEOUT Validation 결과 ===
[2026-05-01 22:06:27 | INFO | Kairos.Train1M] Threshold=0.20 | AUC=0.8122 | Accuracy=0.6822 | Precision=0.4012 | Recall=0.8487 | F1=0.5448
[2026-05-01 22:06:27 | INFO | Kairos.Train1M] 신호 상세 | PositiveSignals=30707, 실제 TIMEOUT=12320, Hit Rate=40.12%
[2026-05-01 22:06:27 | INFO | Kairos.Train1M] 상위 10% 확률 커트라인: 0.5371
[2026-05-01 22:06:27 | INFO | Kairos.Train1M] 상위 5% 확률 커트라인: 0.6049
[2026-05-01 22:06:27 | INFO | Kairos.Train1M] 상위 1% 확률 커트라인: 0.7033
[2026-05-01 22:06:27 | INFO | Kairos.Train1M] 상위 0.1% 확률 커트라인: 0.8251
[2026-05-01 22:06:27 | INFO | Kairos.Train1M] 1분봉 피처 중요도 리포트 저장 완료: C:\dev\kairos_1m\common\models\feature_importance_scalping_1m_lgbm_v5_tp35_sl20_h60_timeout.md
[2026-05-01 22:06:27 | INFO | Kairos.Train1M] === 1분봉 단타 모델 학습 완료: scalping_1m_lgbm_v5_tp35_sl20_h60 ===
[2026-05-01 22:06:38 | INFO | Kairos.Scalping1M] 1분봉 단타 데이터셋 생성 시작: symbols=555, limit=20000, TP=3.50%, SL=2.00%, horizon=60분
[2026-05-01 22:13:09 | INFO | Kairos.Scalping1M] top15/강한 펌핑 타겟 필터 적용(regime 제외): 11037906 -> 712576 rows (top15 또는 strong_change_24h>=40%)
[2026-05-01 22:14:42 | INFO | Kairos.Scalping1M] 1분봉 단타 데이터셋 생성 완료: rows=712576, cols=345, TP=97432 (13.67%), SL=208243 (29.22%), Timeout=406901 (57.10%)
[2026-05-01 22:14:44 | INFO | Kairos.Scalping1M] 1분봉 데이터 분할 완료: Train=583002, Val=64778, Blind=64796
