[2026-05-06 17:34:21 | INFO | Kairos.BackfillGap] gap backfill 시작: mode=range, symbols=ALL, apply=False
[2026-05-06 17:36:27 | INFO | Kairos.BackfillGap] gap backfill 시작: mode=gaps, symbols=ALL, apply=True
[2026-05-06 17:37:26 | INFO | Kairos.BackfillGap] 1분봉 gap 대상 122개
[2026-05-06 17:37:27 | INFO | Kairos.BackfillGap] [1m] 1000000BOBUSDT 2026-04-30 01:37:00+00:00~2026-05-03 14:10:00+00:00 missing=5074, candles=5074, funding=0, apply=True
[2026-05-06 17:37:28 | INFO | Kairos.BackfillGap] [1m] 1000LUNCUSDT 2026-04-30 01:31:00+00:00~2026-05-02 20:10:00+00:00 missing=4000, candles=4000, funding=0, apply=True
[2026-05-06 17:37:29 | INFO | Kairos.BackfillGap] [1m] 1000LUNCUSDT 2026-05-04 06:32:00+00:00~2026-05-05 15:14:00+00:00 missing=1963, candles=1963, funding=0, apply=True
[2026-05-06 17:37:29 | INFO | Kairos.BackfillGap] [1m] 1000SATSUSDT 2026-04-30 01:33:00+00:00~2026-05-02 16:10:00+00:00 missing=3758, candles=3758, funding=0, apply=True
[2026-05-06 17:37:31 | INFO | Kairos.BackfillGap] [1m] 2ZUSDT 2026-04-30 01:40:00+00:00~2026-05-06 03:10:00+00:00 missing=8731, candles=8731, funding=0, apply=True
[2026-05-06 17:37:33 | INFO | Kairos.BackfillGap] [1m] 4USDT 2026-04-30 01:40:00+00:00~2026-05-03 17:10:00+00:00 missing=5251, candles=5251, funding=0, apply=True
[2026-05-06 17:37:34 | INFO | Kairos.BackfillGap] [1m] ACHUSDT 2026-04-30 01:31:00+00:00~2026-05-03 05:10:00+00:00 missing=4540, candles=4540, funding=0, apply=True
[2026-05-06 17:37:35 | INFO | Kairos.BackfillGap] [1m] AIGENSYNUSDT 2026-04-30 01:42:00+00:00~2026-05-03 07:10:00+00:00 missing=4649, candles=4649, funding=0, apply=True
[2026-05-06 17:37:37 | INFO | Kairos.BackfillGap] [1m] AINUSDT 2026-04-30 01:38:00+00:00~2026-05-05 22:10:00+00:00 missing=8433, candles=8433, funding=0, apply=True
[2026-05-06 17:37:38 | INFO | Kairos.BackfillGap] [1m] AIXBTUSDT 2026-04-30 01:35:00+00:00~2026-05-02 18:29:00+00:00 missing=3895, candles=3895, funding=0, apply=True
[2026-05-06 17:37:39 | INFO | Kairos.BackfillGap] [1m] AKTUSDT 2026-04-30 01:35:00+00:00~2026-05-03 04:10:00+00:00 missing=4476, candles=4476, funding=0, apply=True
[2026-05-06 17:37:40 | INFO | Kairos.BackfillGap] [1m] ALCHUSDT 2026-04-30 01:35:00+00:00~2026-05-03 09:10:00+00:00 missing=4776, candles=4776, funding=0, apply=True
[2026-05-06 17:37:41 | INFO | Kairos.BackfillGap] [1m] APEUSDT 2026-04-30 01:31:00+00:00~2026-05-02 11:10:00+00:00 missing=3460, candles=3460, funding=0, apply=True
[2026-05-06 17:37:43 | INFO | Kairos.BackfillGap] [1m] ARUSDT 2026-04-30 01:30:00+00:00~2026-05-06 02:10:00+00:00 missing=8681, candles=8681, funding=0, apply=True
[2026-05-06 17:37:43 | INFO | Kairos.BackfillGap] [1m] AXLUSDT 2026-04-30 01:33:00+00:00~2026-05-01 21:44:00+00:00 missing=2652, candles=2652, funding=0, apply=True
[2026-05-06 17:37:43 | INFO | Kairos.BackfillGap] [1m] AXLUSDT 2026-05-02 18:30:00+00:00~2026-05-03 06:10:00+00:00 missing=701, candles=701, funding=0, apply=True
[2026-05-06 17:37:44 | INFO | Kairos.BackfillGap] [1m] B2USDT 2026-04-30 01:37:00+00:00~2026-05-01 21:44:00+00:00 missing=2648, candles=2648, funding=0, apply=True
[2026-05-06 17:37:45 | INFO | Kairos.BackfillGap] [1m] BABYUSDT 2026-04-30 01:37:00+00:00~2026-05-02 00:10:00+00:00 missing=2794, candles=2794, funding=0, apply=True
[2026-05-06 17:37:46 | INFO | Kairos.BackfillGap] [1m] BANANAS31USDT 2026-04-30 01:37:00+00:00~2026-05-04 02:10:00+00:00 missing=5794, candles=5794, funding=0, apply=True
[2026-05-06 17:37:47 | INFO | Kairos.BackfillGap] [1m] BASUSDT 2026-04-30 01:39:00+00:00~2026-05-01 21:44:00+00:00 missing=2646, candles=2646, funding=0, apply=True
[2026-05-06 17:37:48 | INFO | Kairos.BackfillGap] [1m] BATUSDT 2026-04-30 01:28:00+00:00~2026-05-03 19:10:00+00:00 missing=5383, candles=5383, funding=0, apply=True
[2026-05-06 17:37:49 | INFO | Kairos.BackfillGap] [1m] BBUSDT 2026-04-30 01:33:00+00:00~2026-05-02 14:10:00+00:00 missing=3638, candles=3638, funding=0, apply=True
[2026-05-06 17:37:50 | INFO | Kairos.BackfillGap] [1m] BIOUSDT 2026-04-30 01:35:00+00:00~2026-05-02 08:10:00+00:00 missing=3276, candles=3276, funding=0, apply=True
[2026-05-06 17:37:51 | INFO | Kairos.BackfillGap] [1m] BLESSUSDT 2026-04-30 01:39:00+00:00~2026-05-02 00:10:00+00:00 missing=2792, candles=2792, funding=0, apply=True
[2026-05-06 17:37:52 | INFO | Kairos.BackfillGap] [1m] BLUAIUSDT 2026-04-30 01:41:00+00:00~2026-05-03 11:10:00+00:00 missing=4890, candles=4890, funding=0, apply=True
[2026-05-06 17:37:53 | INFO | Kairos.BackfillGap] [1m] BRUSDT 2026-04-30 01:36:00+00:00~2026-05-03 05:10:00+00:00 missing=4535, candles=4535, funding=0, apply=True
[2026-05-06 17:37:54 | INFO | Kairos.BackfillGap] [1m] BSBUSDT 2026-04-30 01:42:00+00:00~2026-05-02 12:10:00+00:00 missing=3509, candles=3509, funding=0, apply=True
[2026-05-06 17:37:54 | INFO | Kairos.BackfillGap] [1m] BTCUSDT 2026-04-30 01:28:00+00:00~2026-05-01 21:44:00+00:00 missing=2657, candles=2657, funding=0, apply=True
[2026-05-06 17:37:55 | INFO | Kairos.BackfillGap] [1m] BTCUSDT 2026-05-04 06:32:00+00:00~2026-05-05 15:14:00+00:00 missing=1963, candles=1963, funding=0, apply=True
[2026-05-06 17:37:56 | INFO | Kairos.BackfillGap] [1m] BTRUSDT 2026-04-30 01:39:00+00:00~2026-05-06 02:10:00+00:00 missing=8672, candles=8672, funding=0, apply=True
[2026-05-06 17:37:57 | INFO | Kairos.BackfillGap] [1m] BUSDT 2026-04-30 01:37:00+00:00~2026-05-01 21:44:00+00:00 missing=2648, candles=2648, funding=0, apply=True
[2026-05-06 17:37:57 | INFO | Kairos.BackfillGap] [1m] BUSDT 2026-05-02 18:30:00+00:00~2026-05-03 08:10:00+00:00 missing=821, candles=821, funding=0, apply=True
[2026-05-06 17:37:58 | INFO | Kairos.BackfillGap] [1m] BUSDT 2026-05-04 06:32:00+00:00~2026-05-05 22:10:00+00:00 missing=2379, candles=2379, funding=0, apply=True
[2026-05-06 17:38:00 | INFO | Kairos.BackfillGap] [1m] CFGUSDT 2026-04-30 01:42:00+00:00~2026-05-05 15:14:00+00:00 missing=8013, candles=8013, funding=0, apply=True
[2026-05-06 17:38:01 | INFO | Kairos.BackfillGap] [1m] CHILLGUYUSDT 2026-04-30 01:35:00+00:00~2026-05-01 21:44:00+00:00 missing=2650, candles=2650, funding=0, apply=True
[2026-05-06 17:38:01 | INFO | Kairos.BackfillGap] [1m] CHILLGUYUSDT 2026-05-02 18:30:00+00:00~2026-05-02 21:10:00+00:00 missing=161, candles=161, funding=0, apply=True
[2026-05-06 17:38:02 | INFO | Kairos.BackfillGap] [1m] CHRUSDT 2026-04-30 01:29:00+00:00~2026-05-02 00:10:00+00:00 missing=2802, candles=2802, funding=0, apply=True
[2026-05-06 17:38:03 | INFO | Kairos.BackfillGap] [1m] CHRUSDT 2026-05-02 18:30:00+00:00~2026-05-05 16:10:00+00:00 missing=4181, candles=4181, funding=0, apply=True
[2026-05-06 17:38:05 | INFO | Kairos.BackfillGap] [1m] CLANKERUSDT 2026-04-30 01:41:00+00:00~2026-05-05 18:10:00+00:00 missing=8190, candles=8190, funding=0, apply=True
[2026-05-06 17:38:06 | INFO | Kairos.BackfillGap] [1m] COAIUSDT 2026-04-30 01:39:00+00:00~2026-05-02 06:10:00+00:00 missing=3152, candles=3152, funding=0, apply=True
[2026-05-06 17:38:06 | INFO | Kairos.BackfillGap] [1m] CTSIUSDT 2026-04-30 01:30:00+00:00~2026-05-01 22:10:00+00:00 missing=2681, candles=2681, funding=0, apply=True
[2026-05-06 17:38:07 | INFO | Kairos.BackfillGap] [1m] DASHUSDT 2026-04-30 01:28:00+00:00~2026-05-04 03:10:00+00:00 missing=5863, candles=5863, funding=0, apply=True
[2026-05-06 17:38:08 | INFO | Kairos.BackfillGap] [1m] DASHUSDT 2026-05-04 06:32:00+00:00~2026-05-06 07:10:00+00:00 missing=2919, candles=2919, funding=0, apply=True
[2026-05-06 17:38:10 | INFO | Kairos.BackfillGap] [1m] DOGSUSDT 2026-04-30 01:34:00+00:00~2026-05-05 15:14:00+00:00 missing=8021, candles=8021, funding=0, apply=True
[2026-05-06 17:38:11 | INFO | Kairos.BackfillGap] [1m] DUSDT 2026-04-30 01:35:00+00:00~2026-05-03 17:10:00+00:00 missing=5256, candles=5256, funding=0, apply=True
[2026-05-06 17:38:13 | INFO | Kairos.BackfillGap] [1m] EVAAUSDT 2026-04-30 01:40:00+00:00~2026-05-05 15:14:00+00:00 missing=8015, candles=8015, funding=0, apply=True
[2026-05-06 17:38:15 | INFO | Kairos.BackfillGap] [1m] FARTCOINUSDT 2026-04-30 01:35:00+00:00~2026-05-05 21:10:00+00:00 missing=8376, candles=8376, funding=0, apply=True
[2026-05-06 17:38:16 | INFO | Kairos.BackfillGap] [1m] FHEUSDT 2026-04-30 01:37:00+00:00~2026-05-02 17:10:00+00:00 missing=3814, candles=3814, funding=0, apply=True
[2026-05-06 17:38:16 | INFO | Kairos.BackfillGap] [1m] FHEUSDT 2026-05-04 06:32:00+00:00~2026-05-05 15:14:00+00:00 missing=1963, candles=1963, funding=0, apply=True
[2026-05-06 17:38:17 | INFO | Kairos.BackfillGap] [1m] FIGHTUSDT 2026-04-30 01:41:00+00:00~2026-05-02 00:10:00+00:00 missing=2790, candles=2790, funding=0, apply=True
[2026-05-06 17:38:17 | INFO | Kairos.BackfillGap] [1m] FIGHTUSDT 2026-05-02 18:30:00+00:00~2026-05-03 05:10:00+00:00 missing=641, candles=641, funding=0, apply=True
[2026-05-06 17:38:19 | INFO | Kairos.BackfillGap] [1m] FILUSDT 2026-04-30 01:29:00+00:00~2026-05-06 04:10:00+00:00 missing=8802, candles=8802, funding=0, apply=True
[2026-05-06 17:38:20 | INFO | Kairos.BackfillGap] [1m] FOGOUSDT 2026-04-30 01:41:00+00:00~2026-05-03 06:10:00+00:00 missing=4590, candles=4590, funding=0, apply=True
[2026-05-06 17:38:22 | INFO | Kairos.BackfillGap] [1m] GALAUSDT 2026-04-30 01:30:00+00:00~2026-05-05 21:10:00+00:00 missing=8381, candles=8381, funding=0, apply=True
[2026-05-06 17:38:23 | INFO | Kairos.BackfillGap] [1m] GENIUSUSDT 2026-04-30 01:42:00+00:00~2026-05-03 02:10:00+00:00 missing=4349, candles=4349, funding=0, apply=True
[2026-05-06 17:38:24 | INFO | Kairos.BackfillGap] [1m] GUAUSDT 2026-04-30 01:41:00+00:00~2026-05-02 17:10:00+00:00 missing=3810, candles=3810, funding=0, apply=True
[2026-05-06 17:38:26 | INFO | Kairos.BackfillGap] [1m] GWEIUSDT 2026-04-30 01:41:00+00:00~2026-05-05 15:14:00+00:00 missing=8014, candles=8014, funding=0, apply=True
[2026-05-06 17:38:28 | INFO | Kairos.BackfillGap] [1m] HIVEUSDT 2026-04-30 01:35:00+00:00~2026-05-05 15:14:00+00:00 missing=8020, candles=8020, funding=0, apply=True
[2026-05-06 17:38:30 | INFO | Kairos.BackfillGap] [1m] ICPUSDT 2026-04-30 01:31:00+00:00~2026-05-05 20:10:00+00:00 missing=8320, candles=8320, funding=0, apply=True
[2026-05-06 17:38:31 | INFO | Kairos.BackfillGap] [1m] IDOLUSDT 2026-04-30 01:38:00+00:00~2026-05-04 00:10:00+00:00 missing=5673, candles=5673, funding=0, apply=True
[2026-05-06 17:38:33 | INFO | Kairos.BackfillGap] [1m] IOUSDT 2026-04-30 01:33:00+00:00~2026-05-06 07:10:00+00:00 missing=8978, candles=8978, funding=0, apply=True
[2026-05-06 17:38:34 | INFO | Kairos.BackfillGap] [1m] IRYSUSDT 2026-04-30 01:41:00+00:00~2026-05-01 21:44:00+00:00 missing=2644, candles=2644, funding=0, apply=True
[2026-05-06 17:38:34 | INFO | Kairos.BackfillGap] [1m] JCTUSDT 2026-04-30 01:41:00+00:00~2026-05-02 03:10:00+00:00 missing=2970, candles=2970, funding=0, apply=True
[2026-05-06 17:38:34 | INFO | Kairos.BackfillGap] [1m] JCTUSDT 2026-05-02 18:30:00+00:00~2026-05-02 19:10:00+00:00 missing=41, candles=41, funding=0, apply=True
[2026-05-06 17:38:35 | INFO | Kairos.BackfillGap] [1m] KNCUSDT 2026-04-30 01:29:00+00:00~2026-05-02 04:10:00+00:00 missing=3042, candles=3042, funding=0, apply=True
[2026-05-06 17:38:36 | INFO | Kairos.BackfillGap] [1m] LABUSDT 2026-04-30 01:40:00+00:00~2026-05-01 21:44:00+00:00 missing=2645, candles=2645, funding=0, apply=True
[2026-05-06 17:38:37 | INFO | Kairos.BackfillGap] [1m] LABUSDT 2026-05-04 06:32:00+00:00~2026-05-05 15:14:00+00:00 missing=1963, candles=1963, funding=0, apply=True
[2026-05-06 17:38:37 | INFO | Kairos.BackfillGap] [1m] LUMIAUSDT 2026-04-30 01:35:00+00:00~2026-05-01 21:44:00+00:00 missing=2650, candles=2650, funding=0, apply=True
[2026-05-06 17:38:38 | INFO | Kairos.BackfillGap] [1m] MAGMAUSDT 2026-04-30 01:41:00+00:00~2026-05-03 07:10:00+00:00 missing=4650, candles=4650, funding=0, apply=True
[2026-05-06 17:38:39 | INFO | Kairos.BackfillGap] [1m] MANTRAUSDT 2026-04-30 01:41:00+00:00~2026-05-02 07:10:00+00:00 missing=3210, candles=3210, funding=0, apply=True
[2026-05-06 17:38:41 | INFO | Kairos.BackfillGap] [1m] MAVIAUSDT 2026-04-30 01:37:00+00:00~2026-05-05 21:10:00+00:00 missing=8374, candles=8374, funding=0, apply=True
[2026-05-06 17:38:42 | INFO | Kairos.BackfillGap] [1m] MERLUSDT 2026-04-30 01:37:00+00:00~2026-05-03 04:10:00+00:00 missing=4474, candles=4474, funding=0, apply=True
[2026-05-06 17:38:44 | INFO | Kairos.BackfillGap] [1m] MORPHOUSDT 2026-04-30 01:35:00+00:00~2026-05-05 15:14:00+00:00 missing=8020, candles=8020, funding=0, apply=True
[2026-05-06 17:38:46 | INFO | Kairos.BackfillGap] [1m] MUBARAKUSDT 2026-04-30 01:36:00+00:00~2026-05-04 05:10:00+00:00 missing=5975, candles=5975, funding=0, apply=True
[2026-05-06 17:38:48 | INFO | Kairos.BackfillGap] [1m] MUSDT 2026-04-30 01:38:00+00:00~2026-05-05 15:14:00+00:00 missing=8017, candles=8017, funding=0, apply=True
[2026-05-06 17:38:49 | INFO | Kairos.BackfillGap] [1m] NAORISUSDT 2026-04-30 01:39:00+00:00~2026-05-02 20:10:00+00:00 missing=3992, candles=3992, funding=0, apply=True
[2026-05-06 17:38:49 | INFO | Kairos.BackfillGap] [1m] NAORISUSDT 2026-05-04 06:32:00+00:00~2026-05-06 01:10:00+00:00 missing=2559, candles=2559, funding=0, apply=True
[2026-05-06 17:38:50 | INFO | Kairos.BackfillGap] [1m] NFPUSDT 2026-04-30 01:33:00+00:00~2026-05-01 21:44:00+00:00 missing=2652, candles=2652, funding=0, apply=True
[2026-05-06 17:38:52 | INFO | Kairos.BackfillGap] [1m] NOTUSDT 2026-04-30 01:33:00+00:00~2026-05-05 15:14:00+00:00 missing=8022, candles=8022, funding=0, apply=True
[2026-05-06 17:38:53 | INFO | Kairos.BackfillGap] [1m] ONUSDT 2026-04-30 01:41:00+00:00~2026-05-01 21:44:00+00:00 missing=2644, candles=2644, funding=0, apply=True
[2026-05-06 17:38:54 | INFO | Kairos.BackfillGap] [1m] OPGUSDT 2026-04-30 01:42:00+00:00~2026-05-03 17:10:00+00:00 missing=5249, candles=5249, funding=0, apply=True
[2026-05-06 17:38:54 | INFO | Kairos.BackfillGap] [1m] ORCAUSDT 2026-04-30 01:35:00+00:00~2026-05-01 21:44:00+00:00 missing=2650, candles=2650, funding=0, apply=True
[2026-05-06 17:38:55 | INFO | Kairos.BackfillGap] [1m] ORDIUSDT 2026-04-30 01:32:00+00:00~2026-05-02 15:10:00+00:00 missing=3699, candles=3699, funding=0, apply=True
[2026-05-06 17:38:56 | INFO | Kairos.BackfillGap] [1m] PARTIUSDT 2026-04-30 01:37:00+00:00~2026-05-03 09:10:00+00:00 missing=4774, candles=4774, funding=0, apply=True
[2026-05-06 17:38:57 | INFO | Kairos.BackfillGap] [1m] PENDLEUSDT 2026-04-30 01:31:00+00:00~2026-05-01 22:10:00+00:00 missing=2680, candles=2680, funding=0, apply=True
[2026-05-06 17:38:59 | INFO | Kairos.BackfillGap] [1m] PENGUUSDT 2026-04-30 01:35:00+00:00~2026-05-05 15:14:00+00:00 missing=8020, candles=8020, funding=0, apply=True
[2026-05-06 17:39:00 | INFO | Kairos.BackfillGap] [1m] PLAYUSDT 2026-04-30 01:39:00+00:00~2026-05-02 05:10:00+00:00 missing=3092, candles=3092, funding=0, apply=True
[2026-05-06 17:39:02 | INFO | Kairos.BackfillGap] [1m] RAVEUSDT 2026-04-30 01:41:00+00:00~2026-05-05 15:14:00+00:00 missing=8014, candles=8014, funding=0, apply=True
[2026-05-06 17:39:03 | INFO | Kairos.BackfillGap] [1m] REZUSDT 2026-04-30 01:33:00+00:00~2026-05-03 14:10:00+00:00 missing=5078, candles=5078, funding=0, apply=True
[2026-05-06 17:39:04 | INFO | Kairos.BackfillGap] [1m] RLCUSDT 2026-04-30 01:29:00+00:00~2026-05-03 15:10:00+00:00 missing=5142, candles=5142, funding=0, apply=True
[2026-05-06 17:39:05 | INFO | Kairos.BackfillGap] [1m] SAPIENUSDT 2026-04-30 01:39:00+00:00~2026-05-02 01:10:00+00:00 missing=2852, candles=2852, funding=0, apply=True
[2026-05-06 17:39:06 | INFO | Kairos.BackfillGap] [1m] SIRENUSDT 2026-04-30 01:36:00+00:00~2026-05-04 06:10:00+00:00 missing=6035, candles=6035, funding=0, apply=True
[2026-05-06 17:39:07 | INFO | Kairos.BackfillGap] [1m] SKYAIUSDT 2026-04-30 01:37:00+00:00~2026-05-02 13:10:00+00:00 missing=3574, candles=3574, funding=0, apply=True
[2026-05-06 17:39:08 | INFO | Kairos.BackfillGap] [1m] SKYAIUSDT 2026-05-04 06:32:00+00:00~2026-05-06 02:10:00+00:00 missing=2619, candles=2619, funding=0, apply=True
[2026-05-06 17:39:09 | INFO | Kairos.BackfillGap] [1m] SPACEUSDT 2026-04-30 01:41:00+00:00~2026-05-02 07:10:00+00:00 missing=3210, candles=3210, funding=0, apply=True
[2026-05-06 17:39:10 | INFO | Kairos.BackfillGap] [1m] SPORTFUNUSDT 2026-04-30 01:41:00+00:00~2026-05-03 16:10:00+00:00 missing=5190, candles=5190, funding=0, apply=True
[2026-05-06 17:39:12 | INFO | Kairos.BackfillGap] [1m] STORJUSDT 2026-04-30 01:29:00+00:00~2026-05-06 03:10:00+00:00 missing=8742, candles=8742, funding=0, apply=True
[2026-05-06 17:39:14 | INFO | Kairos.BackfillGap] [1m] STXUSDT 2026-04-30 01:31:00+00:00~2026-05-05 20:10:00+00:00 missing=8320, candles=8320, funding=0, apply=True
[2026-05-06 17:39:14 | INFO | Kairos.BackfillGap] [1m] TACUSDT 2026-04-30 01:38:00+00:00~2026-05-02 10:10:00+00:00 missing=3393, candles=3393, funding=0, apply=True
[2026-05-06 17:39:15 | INFO | Kairos.BackfillGap] [1m] TAGUSDT 2026-04-30 01:39:00+00:00~2026-05-01 21:44:00+00:00 missing=2646, candles=2646, funding=0, apply=True
[2026-05-06 17:39:15 | INFO | Kairos.BackfillGap] [1m] TAGUSDT 2026-05-02 18:30:00+00:00~2026-05-02 19:10:00+00:00 missing=41, candles=41, funding=0, apply=True
[2026-05-06 17:39:16 | INFO | Kairos.BackfillGap] [1m] TAKEUSDT 2026-04-30 01:39:00+00:00~2026-05-01 21:44:00+00:00 missing=2646, candles=2646, funding=0, apply=True
[2026-05-06 17:39:18 | INFO | Kairos.BackfillGap] [1m] TONUSDT 2026-04-30 01:33:00+00:00~2026-05-05 15:14:00+00:00 missing=8022, candles=8022, funding=0, apply=True
[2026-05-06 17:39:19 | INFO | Kairos.BackfillGap] [1m] TRADOORUSDT 2026-04-30 01:39:00+00:00~2026-05-03 20:10:00+00:00 missing=5432, candles=5432, funding=0, apply=True
[2026-05-06 17:39:20 | INFO | Kairos.BackfillGap] [1m] TRIAUSDT 2026-04-30 01:41:00+00:00~2026-05-02 10:10:00+00:00 missing=3390, candles=3390, funding=0, apply=True
[2026-05-06 17:39:20 | INFO | Kairos.BackfillGap] [1m] TRIAUSDT 2026-05-02 18:30:00+00:00~2026-05-03 03:10:00+00:00 missing=521, candles=521, funding=0, apply=True
[2026-05-06 17:39:21 | INFO | Kairos.BackfillGap] [1m] TSTUSDT 2026-04-30 01:36:00+00:00~2026-05-03 09:10:00+00:00 missing=4775, candles=4775, funding=0, apply=True
[2026-05-06 17:39:22 | INFO | Kairos.BackfillGap] [1m] TUTUSDT 2026-04-30 01:36:00+00:00~2026-05-03 10:10:00+00:00 missing=4835, candles=4835, funding=0, apply=True
[2026-05-06 17:39:23 | INFO | Kairos.BackfillGap] [1m] UBUSDT 2026-04-30 01:39:00+00:00~2026-05-01 21:44:00+00:00 missing=2646, candles=2646, funding=0, apply=True
[2026-05-06 17:39:24 | INFO | Kairos.BackfillGap] [1m] USTCUSDT 2026-04-30 01:33:00+00:00~2026-05-02 13:10:00+00:00 missing=3578, candles=3578, funding=0, apply=True
[2026-05-06 17:39:24 | INFO | Kairos.BackfillGap] [1m] USTCUSDT 2026-05-04 06:32:00+00:00~2026-05-05 15:14:00+00:00 missing=1963, candles=1963, funding=0, apply=True
[2026-05-06 17:39:25 | INFO | Kairos.BackfillGap] [1m] USUSDT 2026-04-30 01:41:00+00:00~2026-05-02 05:10:00+00:00 missing=3090, candles=3090, funding=0, apply=True
[2026-05-06 17:39:25 | INFO | Kairos.BackfillGap] [1m] USUSDT 2026-05-02 18:30:00+00:00~2026-05-04 03:10:00+00:00 missing=1961, candles=1961, funding=0, apply=True
[2026-05-06 17:39:27 | INFO | Kairos.BackfillGap] [1m] VVVUSDT 2026-04-30 01:36:00+00:00~2026-05-05 23:10:00+00:00 missing=8495, candles=8495, funding=0, apply=True
[2026-05-06 17:39:29 | INFO | Kairos.BackfillGap] [1m] WIFUSDT 2026-04-30 01:33:00+00:00~2026-05-06 05:10:00+00:00 missing=8858, candles=8858, funding=0, apply=True
[2026-05-06 17:39:30 | INFO | Kairos.BackfillGap] [1m] XNYUSDT 2026-04-30 01:39:00+00:00~2026-05-02 06:10:00+00:00 missing=3152, candles=3152, funding=0, apply=True
[2026-05-06 17:39:32 | INFO | Kairos.BackfillGap] [1m] XVGUSDT 2026-04-30 01:31:00+00:00~2026-05-03 14:10:00+00:00 missing=5080, candles=5080, funding=0, apply=True
[2026-05-06 17:39:34 | INFO | Kairos.BackfillGap] [1m] ZECUSDT 2026-04-30 01:28:00+00:00~2026-05-05 21:10:00+00:00 missing=8383, candles=8383, funding=0, apply=True
[2026-05-06 17:39:35 | INFO | Kairos.BackfillGap] [1m] ZENUSDT 2026-04-30 01:29:00+00:00~2026-05-03 23:10:00+00:00 missing=5622, candles=5622, funding=0, apply=True
[2026-05-06 17:39:35 | INFO | Kairos.BackfillGap] [1m] ZENUSDT 2026-05-04 06:32:00+00:00~2026-05-06 08:10:00+00:00 missing=2979, candles=2979, funding=0, apply=True
[2026-05-06 17:39:36 | INFO | Kairos.BackfillGap] [1m] ZEREBROUSDT 2026-04-30 01:35:00+00:00~2026-05-01 21:44:00+00:00 missing=2650, candles=2650, funding=0, apply=True
[2026-05-06 17:39:37 | INFO | Kairos.BackfillGap] [1m] 币安人生USDT 2026-04-30 01:40:00+00:00~2026-05-02 23:10:00+00:00 missing=4171, candles=4171, funding=0, apply=True
